

root@AM-USPAL-PA1-SWISP01> show system uptime no-forwarding

Current time: 2021-05-12 01:29:44 UTC
Time Source:  LOCAL CLOCK
System booted: 2021-04-09 20:13:36 UTC (4w4d 05:16 ago)
Protocols started: 2021-04-09 20:14:35 UTC (4w4d 05:15 ago)
Last configured: 2021-05-12 01:24:31 UTC (00:05:13 ago) by l3nwadmin10
 1:29AM  up 32 days,  5:16, 5 users, load averages: 0.17, 0.23, 0.24


root@AM-USPAL-PA1-SWISP01> show version detail no-forwarding

Hostname: AM-USPAL-PA1-SWISP01
Model: qfx10002-72q
Junos: 18.1R3-S8.3
JUNOS OS Kernel 64-bit  [20190907.2386fa2_builder_stable_11]
JUNOS OS libs [20190907.2386fa2_builder_stable_11]
JUNOS OS runtime [20190907.2386fa2_builder_stable_11]
JUNOS OS time zone information [20190907.2386fa2_builder_stable_11]
JUNOS OS libs compat32 [20190907.2386fa2_builder_stable_11]
JUNOS OS 32-bit compatibility [20190907.2386fa2_builder_stable_11]
JUNOS py extensions [20191031.132550_builder_junos_181_r3_s8]
JUNOS py base [20191031.132550_builder_junos_181_r3_s8]
JUNOS OS vmguest [20190907.2386fa2_builder_stable_11]
JUNOS OS crypto [20190907.2386fa2_builder_stable_11]
JUNOS network stack and utilities [20191031.132550_builder_junos_181_r3_s8]
JUNOS libs [20191031.132550_builder_junos_181_r3_s8]
JUNOS libs compat32 [20191031.132550_builder_junos_181_r3_s8]
JUNOS runtime [20191031.132550_builder_junos_181_r3_s8]
JUNOS qfx runtime [20191031.132550_builder_junos_181_r3_s8]
JUNOS common platform support [20191031.132550_builder_junos_181_r3_s8]
JUNOS qfx platform support [20191031.132550_builder_junos_181_r3_s8]
JUNOS dcp network modules [20191031.132550_builder_junos_181_r3_s8]
JUNOS modules [20191031.132550_builder_junos_181_r3_s8]
JUNOS qfx modules [20191031.132550_builder_junos_181_r3_s8]
JUNOS qfx Data Plane Crypto Support [20191031.132550_builder_junos_181_r3_s8]
JUNOS daemons [20191031.132550_builder_junos_181_r3_s8]
JUNOS qfx daemons [20191031.132550_builder_junos_181_r3_s8]
JUNOS Services URL Filter package [20191031.132550_builder_junos_181_r3_s8]
JUNOS Services TLB Service PIC package [20191031.132550_builder_junos_181_r3_s8]
JUNOS Services Telemetry [20191031.132550_builder_junos_181_r3_s8]
JUNOS Services SSL [20191031.132550_builder_junos_181_r3_s8]
JUNOS Services SOFTWIRE [20191031.132550_builder_junos_181_r3_s8]
JUNOS Services Stateful Firewall [20191031.132550_builder_junos_181_r3_s8]
JUNOS Services RPM [20191031.132550_builder_junos_181_r3_s8]
JUNOS Services PCEF package [20191031.132550_builder_junos_181_r3_s8]
JUNOS Services NAT [20191031.132550_builder_junos_181_r3_s8]
JUNOS Services Mobile Subscriber Service Container package [20191031.132550_builder_junos_181_r3_s8]
JUNOS Services MobileNext Software package [20191031.132550_builder_junos_181_r3_s8]
JUNOS Services Logging Report Framework package [20191031.132550_builder_junos_181_r3_s8]
JUNOS Services LL-PDF Container package [20191031.132550_builder_junos_181_r3_s8]
JUNOS Services Jflow Container package [20191031.132550_builder_junos_181_r3_s8]
JUNOS Services Deep Packet Inspection package [20191031.132550_builder_junos_181_r3_s8]
JUNOS Services IPSec [20191031.132550_builder_junos_181_r3_s8]
JUNOS Services IDS [20191031.132550_builder_junos_181_r3_s8]
JUNOS IDP Services [20191031.132550_builder_junos_181_r3_s8]
JUNOS Services HTTP Content Management package [20191031.132550_builder_junos_181_r3_s8]
JUNOS Services Crypto [20191031.132550_builder_junos_181_r3_s8]
JUNOS Services Captive Portal and Content Delivery Container package [20191031.132550_builder_junos_181_r3_s8]
JUNOS Services COS [20191031.132550_builder_junos_181_r3_s8]
JUNOS AppId Services [20191031.132550_builder_junos_181_r3_s8]
JUNOS Services Application Level Gateways [20191031.132550_builder_junos_181_r3_s8]
JUNOS Services AACL Container package [20191031.132550_builder_junos_181_r3_s8]
JUNOS SDN Software Suite [20191031.132550_builder_junos_181_r3_s8]
JUNOS Extension Toolkit [20191031.132550_builder_junos_181_r3_s8]
JUNOS Packet Forwarding Engine Support (DC-PFE) [20191031.132550_builder_junos_181_r3_s8]
JUNOS Packet Forwarding Engine Support (M/T Common) [20191031.132550_builder_junos_181_r3_s8]
JUNOS jfirmware [20191031.132550_builder_junos_181_r3_s8]
JUNOS Online Documentation [20191031.132550_builder_junos_181_r3_s8]
JUNOS jail runtime [20190907.2386fa2_builder_stable_11]
JUNOS FIPS mode utilities [20191031.132550_builder_junos_181_r3_s8]
JUNOS Host Software [3.14.52-rt50-WR7.0.0.9_ovp:3.0.9]
JUNOS Host qfx-10-f platform package [18.1R3-S8.3]
JUNOS Host qfx-10-f data-plane package [18.1R3-S8.3]
JUNOS Host qfx-10-f control-plane package [18.1R3-S8.3]
JUNOS Host qfx-10-f base package [18.1R3-S8.3]
KERNEL JNPR-11.0-20190907.2386fa2_builder_stable_11 #0 r356482+2386fa20037(HEAD) built
MGD release 18.1R3-S8.3 built by builder on 2019-10-31 17:01:26 UTC
CLI release 18.1R3-S8.3 built by builder on 2019-10-31 16:28:08 UTC
JLAUNCHD release 18.1R3-S8.3 built by builder on 2019-10-31 15:52:15 UTC
RPD release 18.1R3-S8.3 built by builder on 2019-10-31 17:46:11 UTC
CHASSISD release 18.1R3-S8.3 built by builder on 2019-10-31 16:55:46 UTC
DFWD release 18.1R3-S8.3 built by builder on 2019-10-31 16:31:21 UTC
DCD release 18.1R3-S8.3 built by builder on 2019-10-31 16:55:37 UTC
SNMPD release 18.1R3-S8.3 built by builder on 2019-10-31 16:54:46 UTC
MIB2D release 18.1R3-S8.3 built by builder on 2019-10-31 16:57:55 UTC
VRRPD release 18.1R3-S8.3 built by builder on 2019-10-31 17:00:19 UTC
ALARMD release 18.1R3-S8.3 built by builder on 2019-10-31 16:30:57 UTC
PFED release 18.1R3-S8.3 built by builder on 2019-10-31 16:57:57 UTC
AGENTD release 18.1R3-S8.3 built by builder on 2019-10-31 16:55:32 UTC
SAMPLED release 18.1R3-S8.3 built by builder on 2019-10-31 16:32:18 UTC
SRRD release 18.1R3-S8.3 built by builder on 2019-10-31 16:10:26 UTC
RMOPD release 18.1R3-S8.3 built by builder on 2019-10-31 16:30:56 UTC
COSD release 18.1R3-S8.3 built by builder on 2019-10-31 16:34:16 UTC
FUD release 18.1R3-S8.3 built by builder on 2019-10-31 16:24:53 UTC
KSYNCD release 18.1R3-S8.3 built by builder on 2019-10-31 16:10:26 UTC
JPPPOED release 18.1R3-S8.3 built by builder on 2019-10-31 16:31:50 UTC
RDD release 18.1R3-S8.3 built by builder on 2019-10-31 16:25:27 UTC
PPPD release 18.1R3-S8.3 built by builder on 2019-10-31 16:58:03 UTC
LACPD release 18.1R3-S8.3 built by builder on 2019-10-31 16:57:29 UTC
LFMD release 18.1R3-S8.3 built by builder on 2019-10-31 16:32:02 UTC
OAMD release 18.1R3-S8.3 built by builder on 2019-10-31 16:32:03 UTC
TNETD release 18.1R3-S8.3 built by builder on 2019-10-31 15:50:07 UTC
CFMD release 18.1R3-S8.3 built by builder on 2019-10-31 16:31:07 UTC
JDHCPD release 18.1R3-S8.3 built by builder on 2019-10-31 16:56:48 UTC
AUTHD release 18.1R3-S8.3 built by builder on 2019-10-31 16:55:46 UTC
BDBREPD release 18.1R3-S8.3 built by builder on 2019-10-31 16:24:23 UTC
ICCPD release 18.1R3-S8.3 built by builder on 2019-10-31 16:25:00 UTC
MCLAG-CFGCHKD release 18.1R3-S8.3 built by builder on 2019-10-31 16:25:12 UTC
SHM-RTSDBD release 18.1R3-S8.3 built by builder on 2019-10-31 16:25:50 UTC
DATAPATH-TRACED release 18.1R3-S8.3 built by builder on 2019-10-31 16:24:24 UTC
SMID release 18.1R3-S8.3 built by builder on 2019-10-31 17:00:15 UTC
JDDOSD release 18.1R3-S8.3 built by builder on 2019-10-31 16:26:05 UTC
TRANSPORTD release 18.1R3-S8.3 built by builder on 2019-10-31 16:32:37 UTC
CLKSYNCD release 18.1R3-S8.3 built by builder on 2019-10-31 16:33:21 UTC
GSTATD release 18.1R3-S8.3 built by builder on 2019-10-31 16:09:18 UTC
SFLOWD release 18.1R3-S8.3 built by builder on 2019-10-31 16:26:50 UTC
UFDD release 18.1R3-S8.3 built by builder on 2019-10-31 16:27:01 UTC
PPMD release 18.1R3-S8.3 built by builder on 2019-10-31 16:30:35 UTC
LRMUXD release 18.1R3-S8.3 built by builder on 2019-10-31 16:57:52 UTC
PGMD release 18.1R3-S8.3 built by builder on 2019-10-31 16:09:52 UTC
BFDD release 18.1R3-S8.3 built by builder on 2019-10-31 16:30:33 UTC
SDXD release 18.1R3-S8.3 built by builder on 2019-10-31 16:24:16 UTC
AUDITD release 18.1R3-S8.3 built by builder on 2019-10-31 16:24:20 UTC
L2ALD release 18.1R3-S8.3 built by builder on 2019-10-31 17:12:37 UTC
EVENTD release 18.1R3-S8.3 built by builder on 2019-10-31 16:56:45 UTC
L2CPD release 18.1R3-S8.3 built by builder on 2019-10-31 17:01:37 UTC
MCSNOOPD release 18.1R3-S8.3 built by builder on 2019-10-31 16:57:53 UTC
MPLSOAMD release 18.1R3-S8.3 built by builder on 2019-10-31 16:25:14 UTC
COMMITD release 18.1R3-S8.3 built by builder on 2019-10-31 17:01:13 UTC
JNUD release 18.1R3-S8.3 built by builder on 2019-10-31 16:56:51 UTC
WEB-API release 18.1R3-S8.3 built by builder on 2019-10-31 15:50:08 UTC
JSD release 18.1R3-S8.3 built by builder on 2019-10-31 16:55:35 UTC
UI-PUBD release 18.1R3-S8.3 built by builder on 2019-10-31 16:23:28 UTC
MGD-API release 18.1R3-S8.3 built by builder on 2019-10-31 17:01:21 UTC
PCCD release 18.1R3-S8.3 built by builder on 2019-10-31 16:33:35 UTC
OVERLAYD release 18.1R3-S8.3 built by builder on 2019-10-31 16:25:21 UTC
NTAD release 18.1R3-S8.3 built by builder on 2019-10-31 16:25:18 UTC
SDPD release 18.1R3-S8.3 built by builder on 2019-10-31 16:26:21 UTC
SPMD release 18.1R3-S8.3 built by builder on 2019-10-31 16:33:55 UTC
SCPD release 18.1R3-S8.3 built by builder on 2019-10-31 16:28:26 UTC
OVSDBD release 18.1R3-S8.3 built by builder on 2019-10-31 16:23:10 UTC
OPENFLOWD release 18.1R3-S8.3 built by builder on 2019-10-31 16:30:07 UTC
VGD release 18.1R3-S8.3 built by builder on 2019-10-31 16:23:10 UTC
LFMD release 18.1R3-S8.3 built by builder on 2019-10-31 16:32:02 UTC
DOT1XD release 18.1R3-S8.3 built by builder on 2019-10-31 16:30:17 UTC
SFLOWD release 18.1R3-S8.3 built by builder on 2019-10-31 16:26:50 UTC
VCCPD release 18.1R3-S8.3 built by builder on 2019-10-31 16:34:21 UTC
SDK-MGMTD release 18.1R3-S8.3 built by builder on 2019-10-31 17:01:38 UTC
SDK-VMMD release 18.1R3-S8.3 built by builder on 2019-10-31 16:32:26 UTC
KMD release 18.1R3-S8.3 built by builder on 2019-10-31 16:55:36 UTC
PKID release 18.1R3-S8.3 built by builder on 2019-10-31 16:30:46 UTC
SENDD release 18.1R3-S8.3 built by builder on 2019-10-31 16:24:17 UTC
base-actions-dd release 18.1R3-S8.3 built by builder on 2019-10-31 15:46:17 UTC
jroute-actions-dd release 18.1R3-S8.3 built by builder on 2019-10-31 15:47:08 UTC
jkernel-actions-dd release 18.1R3-S8.3 built by builder on 2019-10-31 15:48:03 UTC
appsecure-actions-dd release 18.1R3-S8.3 built by builder on 2019-10-31 15:46:19 UTC
aprobe-actions-dd release 18.1R3-S8.3 built by builder on 2019-10-31 15:46:23 UTC
authd_cmd-actions-dd release 18.1R3-S8.3 built by builder on 2019-10-31 15:46:24 UTC
autoconfd_cmd-actions-dd release 18.1R3-S8.3 built by builder on 2019-10-31 15:46:20 UTC
caed-actions-dd release 18.1R3-S8.3 built by builder on 2019-10-31 15:46:17 UTC
cfm-actions-dd release 18.1R3-S8.3 built by builder on 2019-10-31 15:46:24 UTC
chassis_cmd-actions-dd release 18.1R3-S8.3 built by builder on 2019-10-31 15:46:26 UTC
clksyncd-actions-dd release 18.1R3-S8.3 built by builder on 2019-10-31 15:46:24 UTC
cos_cmd-actions-dd release 18.1R3-S8.3 built by builder on 2019-10-31 15:46:22 UTC
cpcdd_cmd-actions-dd release 18.1R3-S8.3 built by builder on 2019-10-31 15:46:23 UTC
dcbx-actions-dd release 18.1R3-S8.3 built by builder on 2019-10-31 15:46:27 UTC
dcd_cmd-actions-dd release 18.1R3-S8.3 built by builder on 2019-10-31 15:46:21 UTC
demuxd-actions-dd release 18.1R3-S8.3 built by builder on 2019-10-31 15:46:23 UTC
dfcd_cmd-actions-dd release 18.1R3-S8.3 built by builder on 2019-10-31 15:46:24 UTC
dot1xd-actions-dd release 18.1R3-S8.3 built by builder on 2019-10-31 15:46:18 UTC
dyn-sess-prof-actions-dd release 18.1R3-S8.3 built by builder on 2019-10-31 15:46:24 UTC
elmi-actions-dd release 18.1R3-S8.3 built by builder on 2019-10-31 15:46:24 UTC
forwarding_options_cmd-actions-dd release 18.1R3-S8.3 built by builder on 2019-10-31 15:46:24 UTC
gres-test-point-actions-dd release 18.1R3-S8.3 built by builder on 2019-10-31 15:46:25 UTC
httpd_cmd-actions-dd release 18.1R3-S8.3 built by builder on 2019-10-31 15:46:25 UTC
iccp_cmd-actions-dd release 18.1R3-S8.3 built by builder on 2019-10-31 15:46:25 UTC
ilmid-actions-dd release 18.1R3-S8.3 built by builder on 2019-10-31 15:46:25 UTC
jappid-actions-dd release 18.1R3-S8.3 built by builder on 2019-10-31 15:46:20 UTC
jcrypto-actions-dd release 18.1R3-S8.3 built by builder on 2019-10-31 15:46:17 UTC
jcrypto_junos-actions-dd release 18.1R3-S8.3 built by builder on 2019-10-31 15:46:22 UTC
jddosd-actions-dd release 18.1R3-S8.3 built by builder on 2019-10-31 15:47:49 UTC
jdiameterd-actions-dd release 18.1R3-S8.3 built by builder on 2019-10-31 15:46:20 UTC
jdocs-actions-dd release 18.1R3-S8.3 built by builder on 2019-10-31 15:46:30 UTC
jidpd-actions-dd release 18.1R3-S8.3 built by builder on 2019-10-31 15:46:23 UTC
jkernel_dcp-actions-dd release 18.1R3-S8.3 built by builder on 2019-10-31 15:46:29 UTC
jroute_junos-actions-dd release 18.1R3-S8.3 built by builder on 2019-10-31 15:46:25 UTC
l2ald-actions-dd release 18.1R3-S8.3 built by builder on 2019-10-31 15:46:18 UTC
lldp-actions-dd release 18.1R3-S8.3 built by builder on 2019-10-31 15:46:26 UTC
lrf-actions-dd release 18.1R3-S8.3 built by builder on 2019-10-31 15:46:21 UTC
macsec-actions-dd release 18.1R3-S8.3 built by builder on 2019-10-31 15:46:18 UTC
mclag_cfgchk_cmd-actions-dd release 18.1R3-S8.3 built by builder on 2019-10-31 15:46:25 UTC
mcsnoop-actions-dd release 18.1R3-S8.3 built by builder on 2019-10-31 15:46:28 UTC
mo-actions-dd release 18.1R3-S8.3 built by builder on 2019-10-31 15:46:27 UTC
pccd-actions-dd release 18.1R3-S8.3 built by builder on 2019-10-31 15:46:23 UTC
rdd-actions-dd release 18.1R3-S8.3 built by builder on 2019-10-31 15:46:26 UTC
repd_cmd-actions-dd release 18.1R3-S8.3 built by builder on 2019-10-31 15:46:26 UTC
scpd-actions-dd release 18.1R3-S8.3 built by builder on 2019-10-31 15:46:26 UTC
sdpd-actions-dd release 18.1R3-S8.3 built by builder on 2019-10-31 15:46:26 UTC
services-actions-dd release 18.1R3-S8.3 built by builder on 2019-10-31 15:46:27 UTC
services_dcp-actions-dd release 18.1R3-S8.3 built by builder on 2019-10-31 15:46:28 UTC
sflow-service-actions-dd release 18.1R3-S8.3 built by builder on 2019-10-31 15:46:19 UTC
spmd-actions-dd release 18.1R3-S8.3 built by builder on 2019-10-31 15:46:28 UTC
spmd_common-actions-dd release 18.1R3-S8.3 built by builder on 2019-10-31 15:46:26 UTC
stp-actions-dd release 18.1R3-S8.3 built by builder on 2019-10-31 15:46:28 UTC
stpng-actions-dd release 18.1R3-S8.3 built by builder on 2019-10-31 15:46:21 UTC
subinfo-actions-dd release 18.1R3-S8.3 built by builder on 2019-10-31 15:46:26 UTC
traffic-dird-actions-dd release 18.1R3-S8.3 built by builder on 2019-10-31 15:46:27 UTC
transportd-actions-dd release 18.1R3-S8.3 built by builder on 2019-10-31 15:46:26 UTC
ufdd-actions-dd release 18.1R3-S8.3 built by builder on 2019-10-31 15:46:18 UTC
url-filterd-actions-dd release 18.1R3-S8.3 built by builder on 2019-10-31 15:46:27 UTC
vgd-actions-dd release 18.1R3-S8.3 built by builder on 2019-10-31 15:46:16 UTC
virtualchassis-actions-dd release 18.1R3-S8.3 built by builder on 2019-10-31 15:46:22 UTC
vlans-ng-actions-dd release 18.1R3-S8.3 built by builder on 2019-10-31 15:46:16 UTC
autod-actions-dd release 18.1R3-S8.3 built by builder on 2019-10-31 15:46:28 UTC
jswitch_dcp_ng-actions-dd release 18.1R3-S8.3 built by builder on 2019-10-31 15:46:28 UTC
openflowd-actions-dd release 18.1R3-S8.3 built by builder on 2019-10-31 15:46:16 UTC


root@AM-USPAL-PA1-SWISP01> show system core-dumps no-forwarding

/var/tmp/*core*: No such file or directory
Host Crash Info:
------------------------------------------------------
No corefiles present on the host.


root@AM-USPAL-PA1-SWISP01> show chassis alarms no-forwarding

No alarms currently active


root@AM-USPAL-PA1-SWISP01> show chassis hardware detail no-forwarding

Hardware inventory:
Item             Version  Part number  Serial number     Description
Chassis                                EU094             QFX10002-72Q
Pseudo CB 0
Routing Engine 0          BUILTIN      BUILTIN           RE-QFX10002-72Q
  ada0   9316 MB  QEMU                 QM00001           Virtio Block Disk
  ada1   4096 MB  QEMU                 QM00002           Virtio Block Disk
  ada2    512 MB  QEMU                 QM00003           Virtio Block Disk
  ada3   1024 MB  QEMU                 QM00004           Virtio Block Disk
  usb0 (addr 0.1) UHCI root HUB 0      Intel             uhub0
  usb1 (addr 1.1) EHCI root HUB 0      Intel             uhub1
  usb2 (addr 1.2) product 0x0020 32    vendor 0x8087     uhub2
FPC 0            REV 08   750-096235   BCBY5477          QFX10002-72Q
  CPU                     BUILTIN      BUILTIN           FPC CPU
  PIC 0                   BUILTIN      BUILTIN           72X40G
    Xcvr 0       REV 02   740-056705   1FCP22500QL       QSFP+40GE-LX4
    Xcvr 1       REV 02   740-056705   1FCP22481AC       QSFP+40GE-LX4
    Xcvr 2       REV 02   740-056705   1AMP23020QR       QSFP+40GE-LX4
    Xcvr 3       REV 02   740-056705   1FCP23340J8       QSFP+40GE-LX4
    Xcvr 4       REV 02   740-056705   1AMP24300FJ       QSFP+40GE-LX4
    Xcvr 5       REV 02   740-056705   1AMP23020QH       QSFP+40GE-LX4
    Xcvr 6       REV 02   740-056705   1FCP233201V       QSFP+40GE-LX4
    Xcvr 7       REV 02   740-056705   1FCP2301058       QSFP+40GE-LX4
    Xcvr 8       REV 02   740-056705   1FCP23360DK       QSFP+40GE-LX4
    Xcvr 9       REV 02   740-056705   1FCP230104U       QSFP+40GE-LX4
    Xcvr 10      REV 02   740-056705   1FCP233002U       QSFP+40GE-LX4
    Xcvr 11      REV 02   740-056705   1FCP22450H8       QSFP+40GE-LX4
    Xcvr 12      REV 02   740-056705   1FCP230804F       QSFP+40GE-LX4
    Xcvr 13      REV 02   740-056705   1FCP23360E1       QSFP+40GE-LX4
    Xcvr 14      REV 02   740-056705   1FCP22520NN       QSFP+40GE-LX4
    Xcvr 15      REV 02   740-056705   1FCP22520DE       QSFP+40GE-LX4
    Xcvr 16      REV 02   740-056705   1FCP233201E       QSFP+40GE-LX4
    Xcvr 17      REV 02   740-056705   1FCP233609W       QSFP+40GE-LX4
    Xcvr 18      REV 02   740-056705   1FCP2308049       QSFP+40GE-LX4
    Xcvr 19      REV 02   740-056705   1AMP230212S       QSFP+40GE-LX4
    Xcvr 20      REV 02   740-056705   1FCP230802K       QSFP+40GE-LX4
    Xcvr 21      REV 02   740-056705   1FCP23340EZ       QSFP+40GE-LX4
    Xcvr 22      REV 02   740-056705   1FCP233203F       QSFP+40GE-LX4
    Xcvr 23      REV 02   740-056705   1FCP233609R       QSFP+40GE-LX4
    Xcvr 24      REV 02   740-056705   1FCP23320EA       QSFP+40GE-LX4
    Xcvr 25      REV 02   740-056705   1FCP230105E       QSFP+40GE-LX4
    Xcvr 26      REV 02   740-056705   1FCP233601J       QSFP+40GE-LX4
    Xcvr 27      REV 02   740-056705   1FCP233205K       QSFP+40GE-LX4
    Xcvr 28      REV 02   740-056705   1FCP23360A2       QSFP+40GE-LX4
    Xcvr 29      REV 02   740-056705   1FCP23340SP       QSFP+40GE-LX4
    Xcvr 30      REV 02   740-056705   1AMP25501K5       QSFP+40GE-LX4
    Xcvr 31      REV 02   740-056705   1AMP25501AL       QSFP+40GE-LX4
    Xcvr 32      REV 02   740-056705   1FCP22450HA       QSFP+40GE-LX4
    Xcvr 33      REV 02   740-056705   1FCP23360DD       QSFP+40GE-LX4
    Xcvr 37      REV 01   740-065633   1FCS344600F       QSFP28-100G-AOC-7M
    Xcvr 41      REV 01   740-065633   1FCS344600Q       QSFP28-100G-AOC-7M
    Xcvr 43      REV 02   740-056705   1AMP24300FV       QSFP+40GE-LX4
    Xcvr 47      REV 02   740-056705   1AMP24300BG       QSFP+40GE-LX4
  Mezz           REV 11   711-064764   BCBY3093          Mezz Board 36X40GE
Power Supply 0   REV 07   740-054405   3FSBA531803       AC AFO 1600W PSU
Power Supply 1   REV 07   740-054405   3FSBA531801       AC AFO 1600W PSU
Power Supply 2   REV 07   740-054405   3FSBA531804       AC AFO 1600W PSU
Power Supply 3   REV 07   740-054405   3FSBA531802       AC AFO 1600W PSU
Fan Tray 0                                               QFX10002 Fan Tray 0, Front to Back Airflow - AFO
Fan Tray 1                                               QFX10002 Fan Tray 1, Front to Back Airflow - AFO
Fan Tray 2                                               QFX10002 Fan Tray 2, Front to Back Airflow - AFO


root@AM-USPAL-PA1-SWISP01> show system processes extensive no-forwarding

last pid: 63494;  load averages:  0.16,  0.23,  0.24  up 32+05:16:09    01:29:45
279 processes: 4 running, 237 sleeping, 38 waiting

Mem: 117M Active, 2543M Inact, 1084M Wired, 747M Buf, 3818M Free
Swap: 3072M Total, 3072M Free


  PID USERNAME PRI NICE   SIZE    RES STATE   C   TIME    WCPU COMMAND
   11 root     155 ki31     0K    32K RUN     1 743.0H 100.00% idle{idle: cpu1}
   11 root     155 ki31     0K    32K CPU0    0 741.7H 100.00% idle{idle: cpu0}
 6456 root      21    0   573M 70476K select  1 893:50   1.66% chassisd
 6465 root      21    0 96104K   948K CPU0    0 819:07   1.27% fxpc
 6336 root      20    0   467M 10472K select  1 232:22   0.39% eventd
 6483 root      20    0   501M 42056K select  0 445:54   0.00% mib2d
 6484 root      20    0   848M   340M kqread  0 245:48   0.00% rpd{rpd}
 6510 root      20    0   488M 35444K select  0 214:07   0.00% snmpd
   16 root     -72    -     0K   608K WAIT    1 183:17   0.00% intr{swi1: netisr 0}
 6484 root      20    0   848M   340M kqread  1 107:00   0.00% rpd{bgpio-0-th}
 6485 root      20    0   504M 27812K select  1  70:35   0.00% pfed
    2 root     -16    -     0K    16K jfe_jo  1  67:43   0.00% jfe_job_0_0
   16 root     -60    -     0K   608K WAIT    0  58:14   0.00% intr{swi4: clock (0)}
 6489 root      20    0   472M 14788K select  1  35:23   0.00% cosd{cosd}
   16 root     -92    -     0K   608K WAIT    1  32:19   0.00% intr{irq266: virtio_pci3}
   22 root     -16    -     0K    16K client  0  30:18   0.00% ifstate notify
 6637 root     -16    -     0K    16K select  0  24:00   0.00% ppt_1b_80000010
 6527 root      20    0   468M 12840K select  0  23:27   0.00% license-check
 6484 root      20    0   848M   340M kqread  0  18:46   0.00% rpd{TraceThread}
 6478 root      20    0   501M 20172K kqread  0  18:03   0.00% l2cpd
   23 root     -16    -     0K    16K -       1  14:01   0.00% rand_harvestq
 6505 root      20    0   463M  6336K select  1  10:58   0.00% shm-rtsdbd
 6530 nobody    20    0 16620K  1752K select  1   7:42   0.00% na-mqttd
 6481 root      20    0   466M 11000K select  0   6:31   0.00% alarmd
   16 root     -88    -     0K   608K WAIT    1   5:56   0.00% intr{irq10: ehci0+}
 6520 root      20    0   791M  4456K nanslp  1   5:53   0.00% gstatd
48615 root      20    0   853M 32184K select  0   5:32   0.00% l2ald
 6479 root      20    0   465M 11748K select  0   5:03   0.00% ppmd
 6460 root      20    0   459M  5828K select  0   5:00   0.00% irsd
   16 root     -92    -     0K   608K WAIT    1   4:11   0.00% intr{irq257: virtio_pci0}
   16 root     -60    -     0K   608K WAIT    0   3:31   0.00% intr{swi4: clock (1)}
 6555 root     -16    -     0K    16K select  0   3:11   0.00% ppt_1b_80000010
 6496 root      20    0   463M  9888K select  1   2:53   0.00% bfdd
 6515 root      20    0   466M 10412K select  1   2:45   0.00% clksyncd
   37 root      16    -     0K    16K syncer  0   2:10   0.00% syncer
 6536 root      20    0   480M 19044K select  0   2:08   0.00% dcd
 6529 root      20    0   478M 13556K select  0   2:07   0.00% jsd{jsd}
 6506 root      20    0   478M 12544K select  0   2:06   0.00% smid
 6464 root      20  -20   495M 12044K kqread  1   2:00   0.00% vccpd
 6516 root      20    0   463M  5820K select  0   1:49   0.00% jddosd{jddosd}
 6529 root      20    0   478M 13556K select  0   1:49   0.00% jsd{jsd}
 6534 root      20    0   462M  9348K select  0   1:24   0.00% pkid
    0 root     -16    -     0K   400K -       1   1:22   0.00% kernel{deadlkres}
   16 root     -92    -     0K   608K WAIT    0   1:21   0.00% intr{irq260: virtio_pci1}
    0 root     -16    -     0K   400K swapin  0   1:12   0.00% kernel{swapper}
   21 root     -68    -     0K   160K -       0   1:12   0.00% usb{usbus1}
 6507 root      20    0 31576K 11248K select  0   1:10   0.00% ntpd
 6502 root      20    0   461M  9304K select  0   1:08   0.00% lfmd
   21 root     -68    -     0K   160K -       0   1:07   0.00% usb{usbus1}
 6484 root      20    0   848M   340M kqread  1   1:02   0.00% rpd{krtio-th}
   31 root     -16    -     0K    32K psleep  0   0:57   0.00% pagedaemon{pagedaemon}
   16 root     -88    -     0K   608K WAIT    1   0:55   0.00% intr{irq14: ata0}
   20 root     -16    -     0K    32K -       0   0:52   0.00% cam{doneq0}
 6477 root      20    0   467M 14908K select  1   0:49   0.00% lacpd
 6462 root      20    0   464M  9352K select  1   0:46   0.00% sdk-vmmd
   47 root     -16    -     0K    16K .       0   0:38   0.00% ddostasks
   16 root     -80    -     0K   608K WAIT    1   0:36   0.00% intr{irq272: virtio_pci6}
 6525 root      20    0   511M 17784K kqread  1   0:29   0.00% mcsnoopd
 6557 root      20    0   474M 13092K pause   0   0:28   0.00% auditd
   21 root     -68    -     0K   160K -       0   0:27   0.00% usb{usbus0}
 6487 root      20    0   527M  9356K select  1   0:26   0.00% rmopd
 6482 root      20    0   461M  7944K select  0   0:25   0.00% craftd
 6500 root      20    0   483M 22608K select  1   0:24   0.00% dfcd
 6517 root      20    0   470M 11940K select  1   0:21   0.00% agentd{agentd}
 6523 root      20    0   475M  7436K kqread  1   0:18   0.00% sflowd
 6492 root      20    0   489M 19244K select  1   0:16   0.00% dfwd
 6533 root      20    0   479M  6088K kqread  0   0:15   0.00% overlayd
    0 root       8    -     0K   400K -       0   0:15   0.00% kernel{kqueue_ctx taskq}
41603 nobody    20    0 13376K  4092K kqread  0   0:13   0.00% lighttpd.crypto
 6511 root      20    0   457M  4888K select  1   0:12   0.00% iccpd
    9 root     -16    -     0K    16K jfe_jo  1   0:12   0.00% jfe_job_4_1
    8 root     -16    -     0K    16K jfe_jo  0   0:10   0.00% jfe_job_4_0
   34 root      20    -     0K    16K -       0   0:10   0.00% bufspacedaemon
   35 root     -16    -     0K    16K psleep  1   0:09   0.00% bufdaemon
   36 root     -16    -     0K    16K vlruwt  0   0:09   0.00% vnlru
61665 root      20    0   517M 62236K select  1   0:08   0.00% mgd
    0 root     -16    -     0K   400K PCI Sc  1   0:08   0.00% kernel{PCI Scan Thread}
 6341 root      20    0 31476K  2740K kqread  1   0:08   0.00% jlaunchd
   16 root     -72    -     0K   608K WAIT    0   0:08   0.00% intr{swi1: PCIDEV_ITHRD}
 6503 root      20    0   459M  7732K select  0   0:06   0.00% mplsoamd
   16 root     -88    -     0K   608K WAIT    0   0:05   0.00% intr{irq15: ata1}
 6457 root      20    0   476M 32144K select  1   0:05   0.00% mgd
 6441 root      20    0 14436K  1624K nanslp  1   0:05   0.00% cron
 1431 root      -8    -     0K    16K wrkwai  1   0:05   0.00% md13.uzip
 6514 root      20    0  8024K  1792K select  1   0:04   0.00% tnp.sntpd
   16 root     -76    -     0K   608K WAIT    1   0:03   0.00% intr{swi0: uart}
 6461 root      20    0   457M  5496K select  0   0:03   0.00% sdk-mgmtd
 6480 root      20    0 30316K  2980K nanslp  0   0:02   0.00% smartd
 1430 root      -8    -     0K    16K mdwait  1   0:02   0.00% md13
 6498 root      20    0   457M  5188K select  1   0:02   0.00% rdd
   39 root     -16    -     0K    16K ifscli  0   0:02   0.00% ifsclientclosed
61664 vadmin    20    0   505M 50460K select  1   0:02   0.00% cli
 6519 root      20    0 12300K  1584K select  1   0:02   0.00% rpcbind
 6458 root      21    0 27288K  2428K select  1   0:02   0.00% inetd
 6453 root      20    0  7944K  1500K select  0   0:02   0.00% watchdog
 1784 root      -8    -     0K    16K wrkwai  1   0:01   0.00% md17.uzip
   17 root      -8    -     0K    48K -       1   0:01   0.00% geom{g_event}
    0 root       8    -     0K   400K -       1   0:01   0.00% kernel{thread taskq}
   17 root      -8    -     0K    48K -       0   0:01   0.00% geom{g_down}
 2144 root      -8    -     0K    16K wrkwai  1   0:01   0.00% md23.uzip
 1340 root      -8    -     0K    16K wrkwai  0   0:01   0.00% md12.uzip
 5485 root      -8    -     0K    16K mdwait  0   0:01   0.00% md32
62497 root      31    0   516M 63220K select  1   0:01   0.00% mgd
61663 vadmin    20    0 61512K  6328K select  1   0:01   0.00% sshd
 1339 root      -8    -     0K    16K mdwait  0   0:00   0.00% md12
 1783 root      -8    -     0K    16K mdwait  1   0:00   0.00% md17
 1841 root      -8    -     0K    16K wrkwai  1   0:00   0.00% md18.uzip
   17 root      -8    -     0K    48K -       1   0:00   0.00% geom{g_up}
    1 root      20    0  6280K   584K wait    1   0:00   0.00% init
61446 vadmin    20    0   505M 49876K select  0   0:00   0.00% cli
 1283 root      -8    -     0K    16K wrkwai  1   0:00   0.00% md11.uzip
   27 root     -16    -     0K    16K -       1   0:00   0.00% soaiod2
   29 root     -16    -     0K    16K -       0   0:00   0.00% soaiod4
   26 root     -16    -     0K    16K -       0   0:00   0.00% soaiod1
   28 root     -16    -     0K    16K -       0   0:00   0.00% soaiod3
 1898 root      -8    -     0K    16K wrkwai  0   0:00   0.00% md19.uzip
   25 root      -8    -     0K    16K wrkwai  0   0:00   0.00% md0.uzip
  157 root      -8    -     0K    16K wrkwai  0   0:00   0.00% md1.uzip
   20 root     -16    -     0K    32K -       0   0:00   0.00% cam{scanner}
  482 root      -8    -     0K    16K wrkwai  1   0:00   0.00% md2.uzip
 2143 root      -8    -     0K    16K mdwait  1   0:00   0.00% md23
 2085 root      -8    -     0K    16K wrkwai  1   0:00   0.00% md22.uzip
62496 vadmin    20    0   505M 49936K select  1   0:00   0.00% cli
   16 root     -92    -     0K   608K WAIT    1   0:00   0.00% intr{irq256: virtio_pci0}
  481 root      -8    -     0K    16K mdwait  1   0:00   0.00% md2
63012 vadmin    20    0   505M 49908K select  1   0:00   0.00% cli
 1897 root      -8    -     0K    16K mdwait  0   0:00   0.00% md19
63279 root      28    0   505M 49856K select  1   0:00   0.00% cli
 2455 root      -8    -     0K    16K wrkwai  1   0:00   0.00% md27.uzip
  156 root      -8    -     0K    16K mdwait  0   0:00   0.00% md1
63030 vadmin    20    0   505M 49888K select  0   0:00   0.00% cli
 2084 root      -8    -     0K    16K mdwait  1   0:00   0.00% md22
63009 root      21    0 61512K  6216K select  1   0:00   0.00% sshd
  851 root      -8    -     0K    16K wrkwai  1   0:00   0.00% md4.uzip
61661 root      20    0 61512K  6216K select  1   0:00   0.00% sshd
63013 root      20    0   494M 50776K select  0   0:00   0.00% mgd
 2396 root      -8    -     0K    16K wrkwai  0   0:00   0.00% md26.uzip
63280 root      52    0   494M 49608K select  0   0:00   0.00% mgd
 1282 root      -8    -     0K    16K mdwait  1   0:00   0.00% md11
 2572 root      -8    -     0K    16K mdwait  1   0:00   0.00% md29
 1226 root      -8    -     0K    16K wrkwai  0   0:00   0.00% md10.uzip
  850 root      -8    -     0K    16K mdwait  1   0:00   0.00% md4
 1840 root      -8    -     0K    16K mdwait  1   0:00   0.00% md18
 6517 root      20    0   470M 11940K select  1   0:00   0.00% agentd{agentd}
63031 root      52    0   494M 50608K select  1   0:00   0.00% mgd
62495 vadmin    20    0 61512K  5976K select  0   0:00   0.00% sshd
 1156 root      -8    -     0K    16K wrkwai  1   0:00   0.00% md9.uzip
 2632 root      -8    -     0K    16K wrkwai  1   0:00   0.00% md30.uzip
 2693 root      -8    -     0K    16K wrkwai  1   0:00   0.00% md31.uzip
 2337 root      -8    -     0K    16K wrkwai  0   0:00   0.00% md25.uzip
 1225 root      -8    -     0K    16K mdwait  0   0:00   0.00% md10
 6529 root      20    0   478M 13556K select  0   0:00   0.00% jsd{jsd}
63011 vadmin    20    0 61512K  6264K select  0   0:00   0.00% sshd
60292 root      20    0 52904K  3644K wait    1   0:00   0.00% login
 2631 root      -8    -     0K    16K mdwait  1   0:00   0.00% md30
 2692 root      -8    -     0K    16K mdwait  1   0:00   0.00% md31
 1155 root      -8    -     0K    16K mdwait  1   0:00   0.00% md9
61447 root      20    0   494M 51480K select  1   0:00   0.00% mgd
 2454 root      -8    -     0K    16K mdwait  1   0:00   0.00% md27
63029 vadmin    20    0 61512K  5968K select  0   0:00   0.00% sshd
 2336 root      -8    -     0K    16K mdwait  1   0:00   0.00% md25
 2395 root      -8    -     0K    16K mdwait  1   0:00   0.00% md26
   33 root     155 ki31     0K    16K pgzero  0   0:00   0.00% pagezero
 2016 root      -8    -     0K    16K wrkwai  1   0:00   0.00% md21.uzip
   24 root      -8    -     0K    16K mdwait  0   0:00   0.00% md0
 6532 root      20    0   459M  5424K select  0   0:00   0.00% xmlproxyd
    0 root     -52    -     0K   400K -       1   0:00   0.00% kernel{mca taskq}
 6501 root      20    0   455M  3788K select  0   0:00   0.00% auditd
 6531 root      20    0   460M  6588K select  0   0:00   0.00% mgd-api
 6504 root      20    0   459M  5304K select  1   0:00   0.00% sendd
 2015 root      -8    -     0K    16K mdwait  1   0:00   0.00% md21
 1530 root      -8    -     0K    16K mdwait  1   0:00   0.00% md14
 1956 root      -8    -     0K    16K mdwait  1   0:00   0.00% md20
 1957 root      -8    -     0K    16K wrkwai  1   0:00   0.00% md20.uzip
   16 root     -92    -     0K   608K WAIT    0   0:00   0.00% intr{irq267: virtio_pci3}
62492 root      26    0 61512K  5924K select  1   0:00   0.00% sshd
63026 root      27    0 61512K  5924K select  1   0:00   0.00% sshd
   38 root     -16    -     0K    16K sleep   1   0:00   0.00% netdaemon
  966 root      -8    -     0K    16K mdwait  1   0:00   0.00% md6
 2513 root      -8    -     0K    16K mdwait  1   0:00   0.00% md28
 6518 root      52    0 27288K  2364K select  0   0:00   0.00% inetd
 2203 root      -8    -     0K    16K wrkwai  0   0:00   0.00% md24.uzip
 6454 root      52    0  8180K  1800K select  0   0:00   0.00% tnetd
  967 root      -8    -     0K    16K wrkwai  1   0:00   0.00% md6.uzip
63494 root      72    0 21184K  3000K CPU1    1   0:00   0.00% top
 1025 root      -8    -     0K    16K mdwait  1   0:00   0.00% md7
63275 root      26    0 14892K  2384K wait    1   0:00   0.00% sh
  909 root      -8    -     0K    16K mdwait  1   0:00   0.00% md5
  910 root      -8    -     0K    16K wrkwai  1   0:00   0.00% md5.uzip
 2202 root      -8    -     0K    16K mdwait  1   0:00   0.00% md24
   16 root     -92    -     0K   608K WAIT    1   0:00   0.00% intr{irq258: virtio_pci0}
 1641 root      -8    -     0K    16K mdwait  1   0:00   0.00% md15
 6529 root      35    0   478M 13556K select  0   0:00   0.00% jsd{jsd}
 6528 root      20    0  8180K  1772K wait    1   0:00   0.00% web-api
 1026 root      -8    -     0K    16K wrkwai  1   0:00   0.00% md7.uzip
   16 root     -52    -     0K   608K WAIT    1   0:00   0.00% intr{swi6: Giant taskq}
 1725 root      -8    -     0K    16K mdwait  1   0:00   0.00% md16
 1531 root      -8    -     0K    16K wrkwai  1   0:00   0.00% md14.uzip
 1084 root      -8    -     0K    16K mdwait  1   0:00   0.00% md8
   16 root     -72    -     0K   608K WAIT    0   0:00   0.00% intr{swi1: ipfwd}
  794 root      -8    -     0K    16K mdwait  1   0:00   0.00% md3
 2573 root      -8    -     0K    16K wrkwai  1   0:00   0.00% md29.uzip
 1085 root      -8    -     0K    16K wrkwai  1   0:00   0.00% md8.uzip
   16 root     -64    -     0K   608K WAIT    1   0:00   0.00% intr{swi3: ipopt ip6opt}
  795 root      -8    -     0K    16K wrkwai  1   0:00   0.00% md3.uzip
 2514 root      -8    -     0K    16K wrkwai  1   0:00   0.00% md28.uzip
 1642 root      -8    -     0K    16K wrkwai  1   0:00   0.00% md15.uzip
   46 root     -16    -     0K    16K select  1   0:00   0.00% if_pic_listen0
 6340 root      52    0 18576K  1516K wait    0   0:00   0.00% jlaunchhelperd
   16 root     -92    -     0K   608K WAIT    0   0:00   0.00% intr{irq261: virtio_pci1}
   44 root     -16    -     0K    16K select  0   0:00   0.00% if_pfe_listen
   21 root     -76    -     0K   160K -       0   0:00   0.00% usb{usbus1}
   30 root     -16    -     0K    16K dump_r  1   0:00   0.00% kern_dump_proc
 6489 root      52    0   472M 14788K select  1   0:00   0.00% cosd{cosd}
 6516 root      31    0   463M  5820K sigwai  1   0:00   0.00% jddosd{jddosd}
   16 root     -84    -     0K   608K WAIT    1   0:00   0.00% intr{irq1: atkbd0}
   43 root     -16    -     0K    16K purge_  0   0:00   0.00% kern_pir_proc
    0 root       8    -     0K   400K -       0   0:00   0.00% kernel{acpi_task_0}
    0 root       8    -     0K   400K -       1   0:00   0.00% kernel{mastership taskq}
   40 root     -16    -     0K    16K condsl  1   0:00   0.00% delayedexecd
 6516 root      31    0   463M  5820K uwait   0   0:00   0.00% jddosd{jddosd}
 5234 root     -16    -     0K    16K ftcl    0   0:00   0.00% ftcleanup
   41 root     -16    -     0K    16K kkcm_n  0   0:00   0.00% jsr_kkcm
   42 root     -16    -     0K    16K jsr_js  0   0:00   0.00% jsr_jsm
    0 root     -92    -     0K   400K -       0   0:00   0.00% kernel{vtnet0 rxq 0}
   12 root     -16    -     0K    16K KPF th  0   0:00   0.00% kpf0
    0 root     -100    -     0K   400K -       1   0:00   0.00% kernel{system_taskq_1}
    0 root       8    -     0K   400K -       0   0:00   0.00% kernel{acpi_task_1}
    0 root       8    -     0K   400K -       0   0:00   0.00% kernel{acpi_task_2}
    0 root       8    -     0K   400K -       0   0:00   0.00% kernel{aiod_kick taskq}
    0 root      -8    -     0K   400K -       0   0:00   0.00% kernel{CAM taskq}
    0 root     -16    -     0K   400K -       0   0:00   0.00% kernel{dtrace_taskq}
   31 root     -16    -     0K    32K umarcl  0   0:00   0.00% pagedaemon{uma}
   18 root     -16    -     0K    16K crypto  0   0:00   0.00% crypto
   32 root     -16    -     0K    16K psleep  0   0:00   0.00% vmdaemon
    6 root     -16    -     0K    16K jfe_jo  0   0:00   0.00% jfe_job_3_0
    5 root     -16    -     0K    16K jfe_jo  0   0:00   0.00% jfe_job_2_0
    4 root     -16    -     0K    16K jfe_jo  0   0:00   0.00% jfe_job_1_1
    3 root     -16    -     0K    16K jfe_jo  0   0:00   0.00% jfe_job_1_0
   19 root     -16    -     0K    16K crypto  0   0:00   0.00% crypto returns
   10 root     -16    -     0K    16K audit_  0   0:00   0.00% audit
   15 root     -16    -     0K    16K KPF th  0   0:00   0.00% kpf3
   14 root     -16    -     0K    16K KPF th  0   0:00   0.00% kpf2
   13 root     -16    -     0K    16K KPF th  0   0:00   0.00% kpf1
    7 root     -16    -     0K    16K jfe_jo  0   0:00   0.00% jfe_job_3_1
   21 root     -68    -     0K   160K -       0   0:00   0.00% usb{usbus0}
   21 root     -68    -     0K   160K -       0   0:00   0.00% usb{usbus0}
   21 root     -68    -     0K   160K -       0   0:00   0.00% usb{usbus1}
   21 root     -72    -     0K   160K -       0   0:00   0.00% usb{usbus0}
   21 root     -72    -     0K   160K -       0   0:00   0.00% usb{usbus1}
   21 root     -76    -     0K   160K -       0   0:00   0.00% usb{usbus0}
    0 root     -92    -     0K   400K -       0   0:00   0.00% kernel{vtnet4 txq 0}
    0 root     -92    -     0K   400K -       0   0:00   0.00% kernel{vtnet0 txq 0}
    0 root     -92    -     0K   400K -       0   0:00   0.00% kernel{vtnet1 rxq 0}
    0 root     -92    -     0K   400K -       0   0:00   0.00% kernel{vtnet1 txq 0}
    0 root     -92    -     0K   400K -       0   0:00   0.00% kernel{vtnet2 rxq 0}
    0 root     -92    -     0K   400K -       0   0:00   0.00% kernel{vtnet2 txq 0}
    0 root     -92    -     0K   400K -       0   0:00   0.00% kernel{vtnet3 rxq 0}
    0 root     -92    -     0K   400K -       0   0:00   0.00% kernel{vtnet3 txq 0}
    0 root     -92    -     0K   400K -       0   0:00   0.00% kernel{vtnet4 rxq 0}
    0 root     -100    -     0K   400K -       0   0:00   0.00% kernel{system_taskq_0}
   16 root     -52    -     0K   608K WAIT   -1   0:00   0.00% intr{swi6: task queue}
   16 root     -56    -     0K   608K WAIT   -1   0:00   0.00% intr{swi5: fast taskq}
   16 root     -60    -     0K   608K WAIT   -1   0:00   0.00% intr{swi4: ip_mismatch+}
   16 root     -64    -     0K   608K WAIT   -1   0:00   0.00% intr{swi3: vm}
   16 root     -72    -     0K   608K WAIT   -1   0:00   0.00% intr{swi1: ndpisr-E}
   16 root     -72    -     0K   608K WAIT   -1   0:00   0.00% intr{swi1: PCIDEV_ITHRD}
   16 root     -72    -     0K   608K WAIT   -1   0:00   0.00% intr{swi1: ndpisr-I}
   16 root     -80    -     0K   608K WAIT   -1   0:00   0.00% intr{irq271: virtio_pci6}
   16 root     -84    -     0K   608K WAIT   -1   0:00   0.00% intr{irq4: uart0}
   16 root     -88    -     0K   608K WAIT   -1   0:00   0.00% intr{irq11: uhci0+}
   16 root     -92    -     0K   608K WAIT   -1   0:00   0.00% intr{irq270: virtio_pci4}
   16 root     -92    -     0K   608K WAIT   -1   0:00   0.00% intr{irq268: virtio_pci4}
   16 root     -92    -     0K   608K WAIT   -1   0:00   0.00% intr{irq259: virtio_pci1}
   16 root     -92    -     0K   608K WAIT   -1   0:00   0.00% intr{irq262: virtio_pci2}
   16 root     -92    -     0K   608K WAIT   -1   0:00   0.00% intr{irq263: virtio_pci2}
   16 root     -92    -     0K   608K WAIT   -1   0:00   0.00% intr{irq264: virtio_pci2}
   16 root     -92    -     0K   608K WAIT   -1   0:00   0.00% intr{irq269: virtio_pci4}
   16 root     -92    -     0K   608K WAIT   -1   0:00   0.00% intr{irq265: virtio_pci3}



root@AM-USPAL-PA1-SWISP01> show pfe statistics traffic

Packet Forwarding Engine traffic statistics:
    Input  packets:        1894999427962               445800 pps
    Output packets:        1895020690793               445849 pps
    Fabric Input  :                    0                    0 pps
    Fabric Output :                    0                    0 pps
Packet Forwarding Engine local traffic statistics:
    Local packets input                 :            131941912
    Local packets output                :            269034210
    Software input control plane drops  :                    0
    Software input high drops           :                    0
    Software input medium drops         :                    0
    Software input low drops            :                    0
    Software output drops               :                    0
    Hardware input drops                :                    0
Packet Forwarding Engine local protocol statistics:
    HDLC keepalives            :                    0
    ATM OAM                    :                    0
    Frame Relay LMI            :                    0
    PPP LCP/NCP                :                    0
    OSPF hello                 :                    0
    OSPF3 hello                :                    0
    RSVP hello                 :                    0
    LDP hello                  :                    0
    BFD                        :            536169060
    IS-IS IIH                  :                    0
    LACP                       :              2631484
    ARP                        :              8533508
    ETHER OAM                  :                    0
    Unknown                    :                 3572
Packet Forwarding Engine hardware discard statistics:
    Timeout                    :                    0
    Truncated key              :                    0
    Bits to test               :                    0
    Data error                 :                 7936
    TCP header length error    :                    3
    Stack underflow            :                    0
    Stack overflow             :                    0
    Normal discard             :            496991837
    Extended discard           :                    0
    Invalid interface          :                63668
    Info cell drops            :                    0
    Fabric drops               :                    0
Packet Forwarding Engine Input IPv4 Header Checksum Error and Output MTU Error statistics:
    Input Checksum             :                    0
    Output MTU                 :                    0


root@AM-USPAL-PA1-SWISP01> show chassis routing-engine no-forwarding

Routing Engine status:
  Slot 0:
    Current state                  Master
    Temperature                 26 degrees C / 78 degrees F
    CPU temperature             26 degrees C / 78 degrees F
    DRAM                      7770 MB (8192 MB installed)
    Memory utilization          18 percent
    5 sec CPU utilization:
      User                       5 percent
      Background                 0 percent
      Kernel                     4 percent
      Interrupt                  1 percent
      Idle                      90 percent
    1 min CPU utilization:
      User                       2 percent
      Background                 0 percent
      Kernel                     2 percent
      Interrupt                  0 percent
      Idle                      96 percent
    5 min CPU utilization:
      User                       3 percent
      Background                 0 percent
      Kernel                     2 percent
      Interrupt                  0 percent
      Idle                      95 percent
    15 min CPU utilization:
      User                       2 percent
      Background                 0 percent
      Kernel                     2 percent
      Interrupt                  0 percent
      Idle                      95 percent
    Model                          RE-QFX10002-72Q
    Serial ID                      BUILTIN
    Start time                     2021-04-09 20:13:36 UTC
    Uptime                         32 days, 5 hours, 16 minutes, 8 seconds
    Last reboot reason             0x1:power cycle/failure
    Load averages:                 1 minute   5 minute  15 minute
                                       0.16       0.23       0.24


root@AM-USPAL-PA1-SWISP01> show chassis environment no-forwarding

Class Item                           Status     Measurement
Power FPC 0 Power Supply 0           OK         26 degrees C / 78 degrees F
      FPC 0 Power Supply 1           OK         24 degrees C / 75 degrees F
      FPC 0 Power Supply 2           OK         26 degrees C / 78 degrees F
      FPC 0 Power Supply 3           OK         27 degrees C / 80 degrees F
Temp  FPC 0 Intake Temp Sensor       OK         26 degrees C / 78 degrees F
      FPC 0 Exhaust Temp Sensor      OK         33 degrees C / 91 degrees F
      FPC 0 Mezz Temp Sensor 0       OK         30 degrees C / 86 degrees F
      FPC 0 Mezz Temp Sensor 1       OK         36 degrees C / 96 degrees F
      FPC 0 PE2 Temp Sensor          OK         35 degrees C / 95 degrees F
      FPC 0 PE1 Temp Sensor          OK         35 degrees C / 95 degrees F
      FPC 0 PF0 Temp Sensor          OK         43 degrees C / 109 degrees F
      FPC 0 PE0 Temp Sensor          OK         36 degrees C / 96 degrees F
      FPC 0 PE5 Temp Sensor          OK         40 degrees C / 104 degrees F
      FPC 0 PE4 Temp Sensor          OK         39 degrees C / 102 degrees F
      FPC 0 PF1 Temp Sensor          OK         47 degrees C / 116 degrees F
      FPC 0 PE3 Temp Sensor          OK         38 degrees C / 100 degrees F
      FPC 0 CPU Die Temp Sensor      OK         39 degrees C / 102 degrees F
      FPC 0 OCXO Temp Sensor         OK         36 degrees C / 96 degrees F
      FPC 0 PFE0-HMC0-DIE            OK         43 degrees C / 109 degrees F
      FPC 0 PFE0-HMC0-TOP            OK         35 degrees C / 95 degrees F
      FPC 0 PFE0-HMC0-BOT            OK         40 degrees C / 104 degrees F
      FPC 0 PFE0-HMC1-DIE            OK         46 degrees C / 114 degrees F
      FPC 0 PFE0-HMC1-TOP            OK         38 degrees C / 100 degrees F
      FPC 0 PFE0-HMC1-BOT            OK         43 degrees C / 109 degrees F
      FPC 0 PFE0-HMC2-DIE            OK         48 degrees C / 118 degrees F
      FPC 0 PFE0-HMC2-TOP            OK         38 degrees C / 100 degrees F
      FPC 0 PFE0-HMC2-BOT            OK         45 degrees C / 113 degrees F
      FPC 0 PFE1-HMC0-DIE            OK         43 degrees C / 109 degrees F
      FPC 0 PFE1-HMC0-TOP            OK         34 degrees C / 93 degrees F
      FPC 0 PFE1-HMC0-BOT            OK         40 degrees C / 104 degrees F
      FPC 0 PFE1-HMC1-DIE            OK         44 degrees C / 111 degrees F
      FPC 0 PFE1-HMC1-TOP            OK         36 degrees C / 96 degrees F
      FPC 0 PFE1-HMC1-BOT            OK         41 degrees C / 105 degrees F
      FPC 0 PFE1-HMC2-DIE            OK         49 degrees C / 120 degrees F
      FPC 0 PFE1-HMC2-TOP            OK         38 degrees C / 100 degrees F
      FPC 0 PFE1-HMC2-BOT            OK         46 degrees C / 114 degrees F
      FPC 0 PFE2-HMC0-DIE            OK         43 degrees C / 109 degrees F
      FPC 0 PFE2-HMC0-TOP            OK         35 degrees C / 95 degrees F
      FPC 0 PFE2-HMC0-BOT            OK         40 degrees C / 104 degrees F
      FPC 0 PFE2-HMC1-DIE            OK         49 degrees C / 120 degrees F
      FPC 0 PFE2-HMC1-TOP            OK         40 degrees C / 104 degrees F
      FPC 0 PFE2-HMC1-BOT            OK         46 degrees C / 114 degrees F
      FPC 0 PFE2-HMC2-DIE            OK         51 degrees C / 123 degrees F
      FPC 0 PFE2-HMC2-TOP            OK         41 degrees C / 105 degrees F
      FPC 0 PFE2-HMC2-BOT            OK         48 degrees C / 118 degrees F
      FPC 0 PFE3-HMC0-DIE            OK         46 degrees C / 114 degrees F
      FPC 0 PFE3-HMC0-TOP            OK         37 degrees C / 98 degrees F
      FPC 0 PFE3-HMC0-BOT            OK         43 degrees C / 109 degrees F
      FPC 0 PFE3-HMC1-DIE            OK         49 degrees C / 120 degrees F
      FPC 0 PFE3-HMC1-TOP            OK         38 degrees C / 100 degrees F
      FPC 0 PFE3-HMC1-BOT            OK         46 degrees C / 114 degrees F
      FPC 0 PFE3-HMC2-DIE            OK         49 degrees C / 120 degrees F
      FPC 0 PFE3-HMC2-TOP            OK         38 degrees C / 100 degrees F
      FPC 0 PFE3-HMC2-BOT            OK         46 degrees C / 114 degrees F
      FPC 0 PFE4-HMC0-DIE            OK         48 degrees C / 118 degrees F
      FPC 0 PFE4-HMC0-TOP            OK         37 degrees C / 98 degrees F
      FPC 0 PFE4-HMC0-BOT            OK         45 degrees C / 113 degrees F
      FPC 0 PFE4-HMC1-DIE            OK         48 degrees C / 118 degrees F
      FPC 0 PFE4-HMC1-TOP            OK         39 degrees C / 102 degrees F
      FPC 0 PFE4-HMC1-BOT            OK         45 degrees C / 113 degrees F
      FPC 0 PFE4-HMC2-DIE            OK         51 degrees C / 123 degrees F
      FPC 0 PFE4-HMC2-TOP            OK         42 degrees C / 107 degrees F
      FPC 0 PFE4-HMC2-BOT            OK         48 degrees C / 118 degrees F
      FPC 0 PFE5-HMC0-DIE            OK         47 degrees C / 116 degrees F
      FPC 0 PFE5-HMC0-TOP            OK         39 degrees C / 102 degrees F
      FPC 0 PFE5-HMC0-BOT            OK         44 degrees C / 111 degrees F
      FPC 0 PFE5-HMC1-DIE            OK         51 degrees C / 123 degrees F
      FPC 0 PFE5-HMC1-TOP            OK         42 degrees C / 107 degrees F
      FPC 0 PFE5-HMC1-BOT            OK         48 degrees C / 118 degrees F
      FPC 0 PFE5-HMC2-DIE            OK         53 degrees C / 127 degrees F
      FPC 0 PFE5-HMC2-TOP            OK         44 degrees C / 111 degrees F
      FPC 0 PFE5-HMC2-BOT            OK         50 degrees C / 122 degrees F
Fans  FPC 0 Fan Tray 0               OK         Spinning at normal speed
      FPC 0 Fan Tray 1               OK         Spinning at normal speed
      FPC 0 Fan Tray 2               OK         Spinning at normal speed


root@AM-USPAL-PA1-SWISP01> show chassis firmware no-forwarding

Part                     Type       Version
FPC                      U-Boot      ***
                         loader           FreeBSD/i386 bootstrap loader 1.2
                         BIOS       V0018.8
                         EC FPGA    2.3
                         MAIN_CPLD  1.17
                         MEZZ_CPLD  1.17
                         RE FPGA    2.6


root@AM-USPAL-PA1-SWISP01> show vrrp summary

warning: vrrp subsystem not running - not needed by configuration.


root@AM-USPAL-PA1-SWISP01> show chassis fpc detail

Slot 0 information:
  State                               Online
  Temperature                      26 degrees C / 78 degrees F
  Total CPU DRAM                 16384 MB
  Total SRAM                        0 MB
  Total SDRAM                       0 MB
  Start time                          2021-04-09 20:12:28 UTC
  Uptime                              32 days, 5 hours, 17 minutes, 17 seconds


root@AM-USPAL-PA1-SWISP01> show system boot-messages  no-forwarding

Copyright (c) 1992-2017 The FreeBSD Project.
Copyright (c) 1979, 1980, 1983, 1986, 1988, 1989, 1991, 1992, 1993, 1994
	The Regents of the University of California. All rights reserved.
FreeBSD is a registered trademark of The FreeBSD Foundation.
FreeBSD JNPR-11.0-20190907.2386fa2_builder_stable_11 #0 r356482+2386fa20037(HEAD): Fri Sep  6 17:38:46 PDT 2019
    builder@feyrith.juniper.net:/volume/build/junos/occam/llvm-3.7/sandbox-20190828/freebsd/stable_11/20190828.204853_builder_stable_11.2386fa2/obj/amd64/juniper/kernels/JNPR-AMD64-PRD/kernel amd64
Juniper clang version 3.7.1  (based on LLVM 3.7.1)
VT(vga): text 80x25
can't re-use a leaf (nssu_upgraded)!
CPU: Intel Xeon E312xx (Sandy Bridge) (2500.05-MHz K8-class CPU)
  Origin="GenuineIntel"  Id=0x206a1  Family=0x6  Model=0x2a  Stepping=1
  Features=0xf83fbff<FPU,VME,DE,PSE,TSC,MSR,PAE,MCE,CX8,APIC,SEP,MTRR,PGE,MCA,CMOV,PAT,PSE36,MMX,FXSR,SSE,SSE2,SS>
  Features2=0xf7ba2203<SSE3,PCLMULQDQ,SSSE3,CX16,PCID,SSE4.1,SSE4.2,x2APIC,POPCNT,TSCDLT,AESNI,XSAVE,AVX,F16C,RDRAND,HV>
  AMD Features=0x28100800<SYSCALL,NX,RDTSCP,LM>
  AMD Features2=0x1<LAHF>
  Structured Extended Features=0x200<ERMS>
  XSAVE Features=0x1<XSAVEOPT>
Hypervisor: Origin = "KVMKVMKVM"
real memory  = 8192524288 (7813 MB)
avail memory = 7876038656 (7511 MB)
Event timer "LAPIC" quality 100
ACPI APIC Table: <BOCHS  BXPCAPIC>
addr found @ 0xffffffff800f1b20
Fast boot:0

Serial Number: BCBY5477
Product Name: PviModel
Version: \^A
Board Version: 0TVP: Model Name read from HostOS is qfx10002-72q
FreeBSD/SMP: Multiprocessor System Detected: 2 CPUs
FreeBSD/SMP: 2 package(s)
random: entropy device external interface
random: <Fortuna> initialized
Security policy loaded: JUNOS MAC/privcheck (mac_privcheck)
Security policy loaded: Junos MAC/fips (mac_fips)
Security policy loaded: MAC/veriexec (mac_veriexec)
Security policy loaded: Junos MAC/SDK (mac_sdk)
MAC/veriexec fingerprint module loaded: SHA1
MAC/veriexec fingerprint module loaded: SHA256
MAC/veriexec fingerprint module loaded: SHA384
ioapic0 <Version 1.1> irqs 0-23 on motherboard
netisr_init: forcing maxthreads from 4 to 2
Initializing Kernel PVIDB.
Initializing DCF  platform properties ..
Creating PCI Scan thread
pcidev module loaded, 0 (null)
fpga driver loaded, 0 (null)
random: registering fast source Intel Secure Key RNG
random: fast provider: "Intel Secure Key RNG"
Calling dcf_prds_hw_init for platform hw vecs initialization
nexus0
ofwbus0: <Open Firmware Device Tree> on motherboard
fdtio0: <FDT I/O port space> on ofwbus0
fpga0: <RE system controller> port 0x191-0x198 on fdtio0
vtvga0: <VT VGA driver> on motherboard
cryptosoft0: <software crypto> on motherboard
acpi0: <BOCHS BXPCRSDT> on motherboard
acpi0: Power Button (fixed)
cpu0: <ACPI CPU> on acpi0
cpu1: <ACPI CPU> on acpi0
atrtc0: <AT realtime clock> port 0x70-0x71,0x72-0x77 irq 8 on acpi0
Event timer "RTC" frequency 32768 Hz quality 0
hpet0: <High Precision Event Timer> iomem 0xfed00000-0xfed003ff on acpi0
Timecounter "HPET" frequency 100000000 Hz quality 950
Timecounter "ACPI-fast" frequency 3579545 Hz quality 900
acpi_timer0: <24-bit timer at 3.579545MHz> port 0xb008-0xb00b on acpi0
pcib0: <ACPI Host-PCI bridge> port 0xcf8-0xcff on acpi0
pci0: <ACPI PCI bus> on pcib0
isab0: <PCI-ISA bridge> at device 1.0 on pci0
isa0: <ISA bus> on isab0
atapci0: <Intel PIIX3 WDMA2 controller> port 0x1f0-0x1f7,0x3f6,0x170-0x177,0x376,0xc120-0xc12f at device 1.1 on pci0
ata0: <ATA channel> at channel 0 on atapci0
ata1: <ATA channel> at channel 1 on atapci0
uhci0: <Intel 82371SB (PIIX3) USB controller> port 0xc040-0xc05f irq 11 at device 1.2 on pci0
usbus0: controller did not stop
usbus0 on uhci0
smb0: <Intel 82371AB SMB controller> irq 9 at device 1.3 on pci0
pcidev0 mem 0xfa000000-0xfbffffff irq 10 at device 2.0 on pci0
pcidev0: fxpf_00: registers mapped at 0xfffff800fa000000
virtio_pci0: <VirtIO PCI Network adapter> port 0xc060-0xc07f mem 0xfe140000-0xfe140fff irq 11 at device 3.0 on pci0
vtnet0: <VirtIO Networking Adapter> on virtio_pci0
virtio_pci1: <VirtIO PCI Network adapter> port 0xc080-0xc09f mem 0xfe141000-0xfe141fff irq 11 at device 4.0 on pci0
vtnet1: <VirtIO Networking Adapter> on virtio_pci1
virtio_pci2: <VirtIO PCI Network adapter> port 0xc0a0-0xc0bf mem 0xfe142000-0xfe142fff irq 10 at device 5.0 on pci0
vtnet2: <VirtIO Networking Adapter> on virtio_pci2
ehci0: <EHCI (generic) USB 2.0 controller> mem 0xfe143000-0xfe1433ff irq 10 at device 6.0 on pci0
usbus1: EHCI version 1.0
usbus1 on ehci0
pcidev1 mem 0xfc000000-0xfdffffff irq 11 at device 7.0 on pci0
pcidev1: fxpf_01: registers mapped at 0xfffff800fc000000
virtio_pci3: <VirtIO PCI Network adapter> port 0xc0c0-0xc0df mem 0xfe144000-0xfe144fff irq 11 at device 16.0 on pci0
vtnet3: <VirtIO Networking Adapter> on virtio_pci3
virtio_pci4: <VirtIO PCI Network adapter> port 0xc0e0-0xc0ff mem 0xfe145000-0xfe145fff irq 10 at device 17.0 on pci0
vtnet4: <VirtIO Networking Adapter> on virtio_pci4
virtio_pci5: <VirtIO PCI Entropy adapter> port 0xc100-0xc11f irq 10 at device 18.0 on pci0
vtrnd0: <VirtIO Entropy Adapter> on virtio_pci5
pci0: <old> at device 22.0 (no driver attached)
virtio_pci6: <VirtIO PCI 9P Transport adapter> port 0xc000-0xc03f mem 0xfe147000-0xfe147fff irq 11 at device 31.0 on pci0
9p_virtio0: <VirtIO 9P Transport> on virtio_pci6
atkbdc0: <Keyboard controller (i8042)> port 0x60,0x64 irq 1 on acpi0
atkbd0: <AT Keyboard> irq 1 on atkbdc0
atkbd0: [GIANT-LOCKED]
uart0: <16550 or compatible> port 0x3f8-0x3ff irq 4 on acpi0
uart0: console (9600,n,8,1)
uart0: [GIANT-LOCKED]
orm0: <ISA Option ROM> at iomem 0xef000-0xeffff on isa0
Initializing product: 169 ..
itable16_set_chassis_local:Cant increase chassis local range for table 0xffffffff816ab328 nres=64 npriv=64 local=512 total=65536 maxentry=129

Setting Serial ID!!!
JUNOS procfs is initialized.
Timecounters tick every 1.000 msec
can't re-use a leaf (pvidb_rootnode)!
Registering tcp_platform_dependent = tcp_handle_special_ports
md0: Preloaded image </packages/sets/active/boot/os-kernel/contents.izo> 8839168 bytes at 0xffffffff82248210
usbus0: 12Mbps Full Speed USB v1.0
usbus1: 480Mbps High Speed USB v2.0
ugen0.1: <Intel UHCI root HUB> at usbus0
uhub0: <Intel UHCI root HUB, class 9/0, rev 1.00/1.00, addr 1> on usbus0
ugen1.1: <Intel EHCI root HUB> at usbus1
uhub1: <Intel EHCI root HUB, class 9/0, rev 2.00/1.00, addr 1> on usbus1
ada0 at ata0 bus 0 scbus0 target 0 lun 0
ada0: <QEMU HARDDISK 2.2.0> ATA-7 device
ada0: Serial Number QM00001
ada0: 16.700MB/s transfers (WDMA2, PIO 8192bytes)
ada0: 9316MB (19079296 512 byte sectors)
ada1 at ata0 bus 0 scbus0 target 1 lun 0
ada1: <QEMU HARDDISK 2.2.0> ATA-7 device
ada1: Serial Number QM00002
ada1: 16.700MB/s transfers (WDMA2, PIO 8192bytes)
ada1: 4096MB (8388608 512 byte sectors)
ada2 at ata1 bus 0 scbus1 target 0 lun 0
ada2: <QEMU HARDDISK 2.2.0> ATA-7 device
ada2: Serial Number QM00003
ada2: 16.700MB/s transfers (WDMA2, PIO 8192bytes)
ada2: 512MB (1048576 512 byte sectors)
ada3 at ata1 bus 0 scbus1 target 1 lun 0
ada3: <QEMU HARDDISK 2.2.0> ATA-7 device
ada3: Serial Number QM00004
ada3: 16.700MB/s transfers (WDMA2, PIO 8192bytes)
ada3: 1024MB (2097152 512 byte sectors)
SMP: AP CPU #1 Launched!
Kernel thread "wkupdaemon" (pid 45) exited prematurely.
Trying to mount root from cd9660:/dev/md0.uzip []...
uhub0: 2 ports with 2 removable, self powered
uhub1: 2 ports with 2 removable, self powered
ugen1.2: <vendor 0x8087 product 0x0020> at usbus1
uhub2 on uhub1
uhub2: <vendor 0x8087 product 0x0020, class 9/0, rev 2.00/0.00, addr 2> on usbus1
uhub2: 6 ports with 6 removable, self powered
random: unblocking device.


root@AM-USPAL-PA1-SWISP01> show system storage no-forwarding

Filesystem              Size       Used      Avail  Capacity   Mounted on
/dev/gpt/junos          6.0G       901M       4.6G       16%  /.mount
tmpfs                   6.7G        56K       6.7G        0%  /.mount/tmp
tmpfs                   1.3G       964K       1.3G        0%  /.mount/mfs
hostvar                  16G       137M        15G        1%  /.mount/hostvar


root@AM-USPAL-PA1-SWISP01> show system virtual-memory no-forwarding

         Type InUse MemUse HighUse Requests  Size(s)
       kbdmux     6    22K       -        6  16,512,1024,2048,16384
      md_disk   381    77K       -      402  32,2048
   md_sectors   348  1392K       -      369  4096
     openfirm     7     1K       -        9  16
      entropy     3     1K       -    62121  32,4096
         UART     4    12K       -        4  16,1024,2048,8192
    CAM queue    10     4K       -       17  16,32,512
          USB    20    23K       -       22  16,128,512,4096
       USBdev    18     4K       -       21  32,64,128,256,512
        vtbuf    24  1968K       -       46  4096
           vt    11     6K       -       11  512
       DEVFS2   189     3K       -      423  16
       DEVFS3   338    85K       -      804  256
       DEVFS1   189    95K       -      427  512
        DEVFS    17     1K       -       18  16,128
       DEVFSP     0     0K       -        7  64
 msdosfs_node    17     5K       -      164  256
msdosfs_mount     1     1K       -        1  512
  msdosfs_fat     1     8K       -        1  8192
  nullfs_hash     1  1024K       -        1
  nullfs_node     4     1K       -        5  64
 nullfs_mount     1     1K       -        1  32
    pfs_nodes    36     9K       -       36  256
  pfs_vncache   271    17K       -     2454  64
  tmpfs mount     2     1K       -        2  128
   tmpfs name   403     8K       -     5368  16,32,64
         GEOM   817   117K       -     7546  16,32,64,128,256,512,1024,16384
    geom_uzip   217  4043K       -  2128921  64,128,256,512,1024,2048,4096,8192,16384,32768,65536
CAM dev queue     3     1K       -        3  64
       isadev     1     1K       -        1  128
  isofs_mount    32     8K       -       32  256
   isofs_node  5172  1293K       -     5172  256
  ddb_capture     1    64K       -        1  65536
         cdev     6     2K       -        6  256
     filedesc    33   145K       -     7189  16,32,4096,8192,16384
        sigio     0     0K       -      127  64
     filecaps     0     0K       -      458  64,128
      kdtrace   479    83K       -   127095  64,256
         kenv    60    11K       -       60  16,32,64,512,8192
       kqueue   252    62K       -    64423  64,128,256,512,2048
         proc        procK       -     args  85
         gzio     0     0K       -       35  256,8192,16384,65536
        hhook    16     3K       -       24  16,32,256
      ithread   137    21K       -      137  32,128,256
       KTRACE   100    13K       -      100  128
     acpiintr     1     1K       -        1  64
       linker   986  2155K       -     1365  16,32,64,128,256,512,1024,2048,4096,8192,16384,32768,65536
       acpica  1562   174K       -    26789  16,32,64,128,256,512,1024,2048,8192
        lockf   183    19K       - 20095222  64,128
   loginclass     3     1K       -       41  128
       devbuf  2351  8065K       -     4379  16,32,64,128,256,512,1024,2048,4096,8192,16384,32768,65536
         temp  1803   101K       - 269792880 16,32,64,128,256,512,1024,2048,4096,8192,16384,32768
     acpitask     1    64K       -        1  65536
       module   346    44K       -      346  128
     mtx_pool     2    16K       -        2  8192
     netstack     1     1K       -        1  16
          osd   748    15K       - 91765407  16,32,64,128,256
     pmchooks     1     1K       -        1  128
         pgrp    19     3K       -    27506  128
      session    19     5K       -    27473  256
         proc     2     2K       -        2  1024
      subproc   442   911K       -    63749  512,4096
         cred   126    32K       -   257176  256
       plimit    36     9K       -   422920  256
      uidinfo     4     1K       -     4561  128,256
       dumper     1     1K       -        1  512
      acpisem    21     3K       -       21  128
       sysctl     0     0K       - 12624275529 16,32,64,128
    sysctloid  6524   344K       -     6580  16,32,64,128
    sysctltmp     0     0K       - 512732828 16,32,64,128,256,512,1024
      tidhash     1     2K       -        1  2048
      callout     3  1672K       -        3
         umtx   668    84K       -      668  128
     p1003.1b     1     1K       -        1  16
         SWAP     2   413K       -        2  64
          bus  2290   191K       -     3819  16,32,64,128,256,1024
          bus         busK       -       sc  48
      devstat    44    89K       -       44  32,4096
 eventhandler   121    10K       -      121  64,128
         kobj   158   632K       -      447  4096
          Per         PerK       -      cpu  1
         rman   116    14K       -      463  16,32,128
         sbuf     1     1K       -   206519  16,32,64,128,256,512,1024,2048,4096,8192,16384,32768,65536
       sglist    11     6K       -       11  32,512,1024
    toponodes     8     1K       -        8  128
      acpidev    18     2K       -       18  64
    taskqueue    63     7K       -       63  16,32,256
     terminal    11     3K       -       11  256
       Unitno    21     2K       - 13653497  32,64
         vmem     3    40K       -       30  128,256,512,2048,4096,8192,16384,65536
     ioctlops     0     0K       -    71590  512,2048,4096
       select   122    16K       -      122  128
          iov     0     0K       - 629221171 16,32,64,128,256,512,1024,2048,4096,8192
          msg     4    30K       -        4  2048,4096,8192,16384
          sem     4   106K       -        4  2048,4096
          shm    16   184K       -     2891  8192,65536
          tty    17    17K       -      241  1024
          pts     4     1K       -      228  256
     mbuf_tag     2     1K       - 908769468 32
        shmfd    70    39K       -      123  64,256,1024,8192
       soname    81    16K       - 448198386 16,32,64,128
          pcb   552   255K       - 89320960  16,32,64,128,512,1024,2048,4096,8192
      CAM SIM     3     1K       -        3  256
          acl     0     0K       -      210  4096
     vfscache     4  2089K       -        4  512,8192,32768
   cl_savebuf     0     0K       -    10520  64
     vfs_hash     1  1024K       -        1
       vnodes     2     1K       -        2  32,256
        mount   660    26K       -     1085  16,32,64,128,256
       statfs     0     0K       -  6893918  512
      CAM XPT    27     2K       -     2488  32,64,128,256,512,1024,2048,65536
  vnodemarker     0     0K       -  2031865  512
   arc4random     1     1K       -        1  1024
audit_evclass   187     6K       -      232  32
    ufs_mount    24    88K       -       24  512,2048,4096,8192
    vm_pgdata     2  1025K       -        2  128
      UMAHash     6   278K       -       26  512,1024,2048,4096,8192,16384,32768,65536
      CAM DEV     7    14K       -        8  2048
      CAM CCB     0     0K       -  1221803  2048
       OAMCTL     0     0K       -        4  64
     veriexec  4836   600K       -     4836  32,128
     CAM path    11     1K       -       46  32
      memdesc     1     4K       -        1  4096
     atkbddev     1     1K       -        1  64
   CAM periph    10     3K       -       21  16,32,64,128,256
CAM I/O Scheduler     4     1K       -        4 128
       apmdev     1     1K       -        1  128
   madt_table     0     0K       -        1  4096
     pci_link    10     1K       -       10  16,128
      io_apic     1     2K       -        1  2048
          MCA    10     2K       -       10  128
          msi    17     3K       -       17  128
     nexusdev     6     1K       -        6  16
      ata_pci     1     1K       -        1  64
         mesh        meshK       -    group  35
   ifl_st_ctl    68     2K       -      107  16
 ifl_tlv_info   121     2K       -      121  16
        devrt    11    77K       -       11  64,256
         ddos     7   115K       -      531  64,512,2048,16384,32768,65536
vpls_lc_instance     1     4K       -        1 4096
     ifa_list    61     1K       -       80  16
lag_list_node    19     1K       -       37  32
gresstatevarlog     1    96K       -        1
       crypto     1     1K       -        1  512
      JFE job     1     1K       -        1  1024
sysctl policing  1491    70K       -     1491
  JFE PROFILE   267   352K       -      267  16,64,512,2048
    schedhist     1   704K       -        1
          KPF     1     1K       -        1  32
JFE statistics    22  7676K       -       22 8192,32768
        jlock   360  7189K       -    13547  64,16384
        jlist     1     1K       -        1
       gtable    96     7K       -       96  64
          DDI    18     2K       -       18
  ifl_idx_mgr     1     1K       -        1
    iflogical   406   167K       -      649  16,32,512,1024,2048,4096
     iffamily   354    87K       -      617  16,32,64,256,512,2048
    rtnexthop  4456   789K       -  4064254  16,32,64,128,256,512,1024,2048
      metrics    89    19K       -    41193
        rnode  6358   214K       -  3421666  32,64
          STP   124    28K       -      157  16,128,512
       rcache     4    16K       -        4  4096
     syncache     1    16K       -        1  16384
       ip6ndp     0     0K       -        4
     tlv_stat     0     0K       - 19205174  16384,32768,65536
nhack_info_entries     3     1K       -        3 32
     ifdevice    39    14K       -       40  16,64,128,2048
       ifstat   505   625K       -   520687  16,32,64,512,1024,4096,8192
 rts_osd_slot    40     1K       -     1080  16
Bridge Domain     4     2K       -        4  32,512
       rtdata     2    16K       -     3541  8192
         ipfw   146   145K       -     8510  16,32,64,128,256,512,1024,2048,4096,8192,16384,32768
      ifmaddr   703    22K       -     1056  32
       rtable  6757   812K       -  3696162  16,32,128,512,1024
       sysctl     0     0K       -       30  256,512,1024
       ifaddr   145    16K       -      183  32
    rnh_token   439    14K       -  6419468  16,32,128
    hmac_drbg     0     0K       -        1  64
         mkey   654    24K       - 91751070  32,128,512
      pfe_ipc 318189  9944K       - 11476272 16,32,64,2048,8192
      ifstate 25308  1616K       - 151141269 16,32,64,128,512,1024,2048,65536
     ifstrace 101000  9123K       - 43126115 64,128,256,512,1024
     itable16  1994   818K       -    23169  512
     itable32   573    45K       -      573
     itable64     1     1K       -        1  128
           lr     1     4K       -        1  4096
          pic     4     2K       -        4  32,64,128,1024
      pfestat   128    46K       - 107920901 16,32,64,512,4096
virtfs_mount_tag     1     1K       -        1 16
    p9_client     1     1K       -        1  128
 virtfs_mount     1     1K       -        1  512
       gencfg  2611   206K       -    10955  16,32,64,128,512,1024,2048,8192
          jsr     4     1K       -      254  32
          idl     1     8K       -    54379  16,32,4096,8192
       rtsmsg     0     0K       -    37215  4096,8192
       rtstat   117  3744K       - 87929128  32768
         bmeb    12   341K       -       14  16,32,128,512,1024,2048,16384
  Export Host     2     2K       -        2  1024
  inpcbpolicy   210     7K       -  1414700  32
  ipsecpolicy   420   105K       -  2829400  256
      solaris 272813 13975K       -   272855 16,32,64,128,256,512,1024,2048,4096,8192,16384,32768,65536
          fbt 61002  7882K       -    61002  128
         KATS     0     0K       -       13  16,32,64,128
          rpc     1     8K       -        1  8192
NFSD V4client     1     1K       -        1  256
 NFSD lckfile     1     1K       -        1  256
 NFSD session     1     1K       -        1  1024
          SDT    34     2K       -       34  16,64
ITEM            SIZE     LIMIT     USED    FREE  REQUESTS
UMA Kegs:        384,        0,     123,      7,      123
UMA Zones:       896,        0,     124,      0,      124
UMA Slabs:        80,        0,   27059,     41, 12773411
UMA Hash:        256,        0,       7,      8,       13
4 Bucket:         32,        0,      49,    826,  1625029
6 Bucket:         48,        0,      84,    746,   545237
8 Bucket:         64,        0,      16,    790,   487314
12 Bucket:        96,        0,      30,    380,    15196
16 Bucket:       128,        0,    2448,   1892,   174307
32 Bucket:       256,        0,     128,    877,   462562
64 Bucket:       512,        0,     157,    355,   111370
128 Bucket:     1024,        0,     249,    115,    43446
256 Bucket:     2048,        0,     266,     86,  2188913
vmem btag:        56,        0,    3224,  48535,    61189
VM OBJECT:       264,        0,   10612,    818,  1546372
RADIX NODE:      144,        0,   71509,  12623, 35624525
MAP:             240,        0,       3,     61,        3
KMAP ENTRY:      128,        0,      48,    231,       48
MAP ENTRY:       128,        0,   11063,   4065,  7046747
VMSPACE:        2512,        0,      86,     34,    60114
fakepg:          104,        0,    4376,    146,     4704
mt_zone:       16400,        0,     379,      0,      379
16:               16,        0,  156181,    945, 3354861827
32:               32,        0,  399292,    708, 11014295987
64:               64,        0,   60092,   6248, 909160263
128:             128,        0,  133973,   5403, 243634135
256:             256,        0,    7810,   1340, 243156788
512:             512,        0,    4640,    176, 142027858
1024:           1024,        0,     350,   6086, 20145546
2048:           2048,        0,     459,     51, 11913607
4096:           4096,        0,    1190,      8,  9314743
8192:           8192,        0,      76,     15, 10100255
16384:         16384,        0,     213,     18,  5669710
32768:         32768,        0,     174,      5, 88271566
65536:         65536,        0,      96,      6,   536099
kenv:            386,        0,       3,     57,   557586
SLEEPQUEUE:       80,        0,     335,     68,      335
64 pcpu:           8,        0,      28,    228,       28
Files:            80,        0,    1102,    398, 330250466
filedesc0:      1104,        0,     197,     46,    63504
TURNSTILE:       136,        0,     335,     45,      335
rl_entry:         40,        0,     165,    435,      165
umtx pi:          96,        0,       0,      0,        0
umtx_shm:         88,        0,       0,      0,        0
Junos 48:         48,        0,    8736,   1971, 13357375
Junos 80:         80,        0,     823,   1427,   527816
Junos 96:         96,        0,    7477,   1543,  4811040
Junos 120:       120,        0,   57650,   8482, 31470701
Junos 160:       160,        0,    2391,    434,  3224432
Junos 176:       176,        0,     344,    206, 37768742
Junos 208:       208,        0,     319,    175,    58935
Junos 232:       232,        0,     816,    170,     8785
Junos 240:       240,        0,     109,    147,      908
Junos 296:       296,        0,       8,    109,     1349
jsocket:          48,        0,     637,    691, 91751018
MAC labels:       40,        0,    8771,    629,   350415
PROC:           1376,        0,     196,     48,    63503
THREAD:         1376,        0,     328,      6,      330
cpuset:           96,        0,     187,    100,      188
audit_record:   1280,        0,       0,      0,        0
mbuf_packet:     256,  3097515,    1283,   2006, 847563007
mbuf:            256,  3097515,      43,   1228, 1466495500
mbuf_cluster:   2048,   483984,    3293,    215, 349948442
mbuf_jumbo_page:  4096,   241992,       0,    186,  2341610
mbuf_jumbo_9k:  9216,    71701,       0,      0,        0
mbuf_jumbo_16k: 16384,    40332,       0,      0,        0
g_bio:           376,        0,       0,    240,  3818303
ttyinq:          160,        0,     255,    420,    13815
ttyoutq:         256,        0,     132,    243,     7140
cryptop:          88,        0,       0,      0,        0
cryptodesc:       72,        0,       0,      0,        0
VirtFS fid zone:    56,        0,       2,    282,        2
VirtFS req zone:    16,        0,       0,   1004,  6789257
VirtFS buf zone:  8224,        0,       0,      4, 13578514
vtnet_tx_hdr:     24,        0,       3,    832, 339854702
FPU_save_area:   512,        0,       0,      0,        0
GENCFG:          120,        0,     505,    254,     1855
VNODE:           472,        0,    8400,     72,    26149
VNODEPOLL:       120,        0,       0,      0,        0
BUF TRIE:        144,        0,    1750,  48659,  1318617
S VFS Cache:     108,        0,    7803,    352,   114666
STS VFS Cache:   148,        0,       0,      0,        0
L VFS Cache:     328,        0,     422,     46,      437
LTS VFS Cache:   368,        0,       0,      0,        0
NAMEI:          1024,        0,       0,     40, 331926199
rentr:            24,        0,       0,      0,        0
VirtFS node zone:   312,        0,       0,      0,        0
VirtFS getattr zone:   160,        0,       0,     75,        2
VirtFS setattr zone:    56,        0,       0,      0,        0
VirtFS io_buffer zone:  8192,        0,       0,      0,        0
Mountpoints:     816,        0,      49,     16,       49
procdesc:        136,        0,       0,      0,        0
AIO:             224,        0,       0,      0,        0
AIOP:             32,        0,       0,      0,        0
AIOCB:           752,        0,       0,      0,        0
AIOL:            128,        0,       0,      0,        0
AIOLIO:          280,        0,       0,      0,        0
pipe:            760,        0,      83,     37,    53383
ksiginfo:        112,        0,     222,    828,  3390716
itimer:          352,        0,       0,      0,        0
KNOTE:           128,        0,     416,    359, 1173337418
socket:          880,   248632,     637,    107, 91751018
unpcb:           240,   248640,     278,    154,  2407031
ipq:              88,     3825,       0,    630,     9201
udp_inpcb:       416,   248634,      40,     50,    74969
tcp_inpcb:       416,   248634,     163,    656,  1339640
tcpcb:          1504,   248632,     159,    103,  1339640
sackhole:         32,        0,       0,    625,      289
tcptw:            96,     8200,       4,    775,    12133
syncache:        176,    15378,       0,    132,    14869
tcpreass:         40,    30300,       0,    800,   345742
ripcb:           416,   248634,       8,     55,       92
selfd:            64,        0,     543,    759, 10431551233
SWAPMETA:        288,   967980,       0,      0,        0
FFS inode:       152,        0,    2408,    166,    14394
FFS1 dinode:     128,        0,    2078,     61,     2110
FFS2 dinode:     256,        0,     330,    165,    12280
TMPFS dirent:     64,        0,      14,    544,      346
TMPFS node:      232,        0,      15,    121,      347
TMPFS dirent:     64,        0,     385,    421,     3183
TMPFS node:      232,        0,     388,    173,     3184
dtrace_state_cache: 16384,        0,       0,      0,        0
taskq_zone:       48,        0,       0,      0,        0
fuse_ticket:     224,        0,       0,      0,        0
md32:            512,        0,  163537,     87,   180790
1584129775 cpu context switches
261535624 device interrupts
859214587 software interrupts
322958981 traps
3397267086 system calls
      112 kernel threads created
    36325  fork() calls
    27066 vfork() calls
        0 rfork() calls
        0 swap pager pageins
        0 swap pager pages paged in
        0 swap pager pageouts
        0 swap pager pages paged out
    38146 vnode pager pageins
    38155 vnode pager pages paged in
     8256 vnode pager pageouts
    83460 vnode pager pages paged out
        0 page daemon wakeups
 71568548 pages examined by the page daemon
        0 pages reactivated
  6167558 copy-on-write faults
      472 copy-on-write optimized faults
  5119208 zero fill pages zeroed
        0 zero fill pages prezeroed
     1208 intransit blocking page faults
 16857643 total VM faults taken
    56353 page faults requiring I/O
        0 pages affected by kernel thread creation
 44142718 pages affected by  fork()
 33735329 pages affected by vfork()
        0 pages affected by rfork()
376018097 pages freed
        0 pages freed by daemon
  8390013 pages freed by exiting process
    30831 pages active
   659738 pages inactive
        0 pages in VM cache
   277719 pages wired down
   967651 pages free
     4096 bytes per page
1148355683 total name lookups
           cache hits (85% pos + 14% neg) system 0% per-directory
           deletions 0%, falsehits 0%, toolong 0%
interrupt                          total       rate
irq1: atkbd0                           2          0
irq4: uart0                        24181          0
irq10: ehci0+                    7907234          3
irq14: ata0                      1089139          0
irq15: ata1                       107844          0
cpu0:timer                     900236259        323
irq256: virtio_pci0                   15          0
irq257: virtio_pci0             30102671         11
irq258: virtio_pci0                 1706          0
irq260: virtio_pci1              8794282          3
irq261: virtio_pci1                  112          0
irq266: virtio_pci3            206715789         74
irq267: virtio_pci3                 3396          0
irq272: virtio_pci6              6789253          2
cpu1:timer                     509744608        183
Total                         1671516491        600
vm.kmem_map_free: 7875960832


root@AM-USPAL-PA1-SWISP01> show system buffer no-forwarding

1295/3265/4560 mbufs in use (current/cache/total)
1287/2221/3508/483984 mbuf clusters in use (current/cache/total/max)
1283/2006 mbuf+clusters out of packet secondary zone in use (current/cache)
0/186/186/241992 4k (page size) jumbo clusters in use (current/cache/total/max)
0/0/0/71701 9k (page size) jumbo clusters in use (current/cache/total/max)
0/0/0/40332 16k (page size) jumbo clusters in use (current/cache/total/max)
2897K/6002K/8900K bytes allocated to network (current/cache/total)
0/0/0 requests for mbufs denied (mbufs/clusters/mbuf+clusters)
0/0/0 requests for jumbo clusters denied (4k/9k/16k)
0 requests for sfbufs denied
0 requests for sfbufs delayed
0 requests for I/O initiated by sendfile


root@AM-USPAL-PA1-SWISP01> show system queues no-forwarding

output interface            bytes          max  packets      max    drops
lsi                             0        12500        0       41        0
dsc                             0            0        0        0        0
lo0                             0            0        0        0        0
gre                             0        12500        0       41        0
ipip                            0        12500        0       41        0
tap                             0            0        0        0        0
pime                            0        12500        0       41        0
pimd                            0        12500        0       41        0
em0                             0     12500000        0    41666       20
em2                             0     12500000        0    41666        0
em1                             0     12500000        0    41666        0
em3                             0     12500000        0    41666        0
mtun                            0        12500        0       41        0
bme0                            0            0        0        0        0
ptp0                            0     12500000        0    41666        0
ae1                             0      1250000        0     4166      400
irb                             0     12500000        0    41666        0
vtep                            0     12500000        0    41666        0
esi                             0     12500000        0    41666        0
cbp0                            0     12500000        0    41666        0
pip0                            0     12500000        0    41666        0
gr-0/0/0                        0        12500        0       41        0
pfh-0/0/0                       0            0        0        0        0
pfe-0/0/0                       0            0        0        0        0
et-0/0/0                        0      1250000        0     4166        3
et-0/0/1                        0      1250000        0     4166        3
et-0/0/3                        0      1250000        0     4166        0
et-0/0/6                        0      1250000        0     4166       21
et-0/0/7                        0      1250000        0     4166       32
et-0/0/8                        0      1250000        0     4166       21
et-0/0/9                        0      1250000        0     4166       21
et-0/0/10                       0      1250000        0     4166       32
et-0/0/11                       0      1250000        0     4166       21
et-0/0/12                       0      1250000        0     4166       34
et-0/0/13                       0      1250000        0     4166       57
et-0/0/14                       0      1250000        0     4166       21
et-0/0/15                       0      1250000        0     4166       22
et-0/0/16                       0      1250000        0     4166       17
et-0/0/17                       0      1250000        0     4166       21
et-0/0/18                       0      1250000        0     4166       24
et-0/0/19                       0      1250000        0     4166       21
et-0/0/20                       0      1250000        0     4166       21
et-0/0/21                       0      1250000        0     4166       21
et-0/0/22                       0      1250000        0     4166       21
et-0/0/23                       0      1250000        0     4166       21
et-0/0/24                       0      1250000        0     4166       50
et-0/0/25                       0      1250000        0     4166       21
et-0/0/26                       0      1250000        0     4166       33
et-0/0/27                       0      1250000        0     4166       21
et-0/0/28                       0      1250000        0     4166       49
et-0/0/29                       0      1250000        0     4166       37
et-0/0/37                       0      1250000        0     4166       19
et-0/0/41                       0      1250000        0     4166       29
et-0/0/4                        0      1250000        0     4166       21
et-0/0/5                        0      1250000        0     4166       17
et-0/0/2                        0      1250000        0     4166        0
et-0/0/43                       0      1250000        0     4166       31
et-0/0/47                       0      1250000        0     4166       25
et-0/0/33                       0      1250000        0     4166        1
et-0/0/32                       0      1250000        0     4166       12
et-0/0/31                       0      1250000        0     4166       80
et-0/0/30                       0      1250000        0     4166       16
input protocol              bytes          max  packets      max    drops
splfwdq                         0      1000000        0     1000        0
splnetq                         0      1000000        0     1000        0
optionq                         0       200000        0      200        0
icmpq                           0        50000        0       50        0
frlmiq                          0            0        0        0        0
spppintrq                       0        25000        0     1000        0
atmctlpktq                      0            0        0        0        0
atmoamq                         0            0        0        0        0
tnpintrq                        0      1250000        0     4166        0
tagintrq                        0       200000        0      200        0
tagfragq                        0       200000        0      200        0


root@AM-USPAL-PA1-SWISP01> show system statistics no-forwarding

Tcp:
         191454971 packets sent
                 134566955 data packets (3721739190 bytes)
                 2969 data packets retransmitted (775318 bytes)
                 0 resends initiated by MTU discovery
                 54090384 ack only packets (19267757 packets delayed)
                 0 URG only packets
                 8 window probe packets
                 1480671 window update packets
                 3125254 control packets
         202252363 packets received
                 118868539 acks(for 3721436867 bytes)
                 50252955 duplicate acks
                 0 acks for unsent data
                 49753232  packets received in-sequence(3069993566 bytes)
                 27516442 completely duplicate packets(42157 bytes)
                 1 old duplicate packets
                 99 packets with some duplicate data(9627 bytes duped)
                 345742 out-of-order packets(494902031 bytes)
                 0 packets of data after window(0 bytes)
                 0 window probes
                 576925 window update packets
                 4353 packets received after close
                 0 discarded for bad checksums
                 0 discarded for bad header offset fields
                 0 discarded because packet too short
         1324132 connection requests
         11956 connection accepts
         5986 bad connection attempts
         0 listen queue overflows
         23057 connections established (including accepts)
         1339477 connections closed (including 229 drops)
                 513 connections updated cached RTT on close
                 513 connections updated cached RTT variance on close
                 105 connections updated cached ssthresh on close
         1281274 embryonic connections dropped
         118567752 segments updated rtt(of 117072334 attempts)
         3140 retransmit timeouts
                 83 connections dropped by retransmit timeout
         40 persist timeouts
                 0 connections dropped by persist timeout
         22734220 keepalive timeouts
                 22734136 keepalive probes sent
                 84 connections dropped by keepalive
         11614449 correct ACK header predictions
         28796748 correct data packet header predictions
         14798 syncache entries added
                 66 retransmitted
                 99 dupsyn
                 71 dropped
                 11956 completed
                 0 bucket overflow
                 0 cache overflow
                 2820 reset
                 22 stale
                 0 aborted
                 0 badack
                 0 unreach
                 0 zone failures
         0 cookies sent
         0 cookies received
         67 SACK recovery episodes
         462 segment retransmits in SACK recovery episodes
         181596 byte retransmits in SACK recovery episodes
         5586 SACK options (SACK blocks) received
         370022 SACK options (SACK blocks) sent
         0 SACK scoreboard overflow
         0 ACKs sent in response to in-window but not exact RSTs
         0 ACKs sent in response to in-window SYNs on established connections
         0 rcv packets dropped by TCP due to bad address
         0 out-of-sequence segment drops due to insufficient memory
         1778375 RST packets
         11 ICMP packets ignored by TCP
         0 send packets dropped by TCP due to auth errors
         1 rcv packets dropped by TCP due to auth errors
         0 outgoing segments dropped due to policing
udp:
         111069141 datagrams received
         0 with incomplete header
         0 with bad data length field
         0 with bad checksum
         3541 dropped due to no socket
         738183 broadcast/multicast datagrams dropped due to no socket
         20068 dropped due to full socket buffers
         0 not for hashed pcb
         110307349 delivered
         108500658 datagrams output
ip:
         443029599 total packets received
         0 bad header checksums
         0 with size smaller than minimum
         0 with data size < data length
         0 with header length < data size
         0 with data length < header length
         0 with incorrect version number
         0 packets destined to dead next hop
         9201 fragments received
         0 fragments dropped (dup or out of space)
         0 fragment sessions dropped (queue overflow)
         9201 fragments dropped after timeout
         0 packets reassembled ok
         445584230 packets for this host
         0 packets for unknown/unsupported protocol
         177 packets forwarded
         0 packets not forwardable
         0 redirects sent
         459337789 packets sent from this host
         156 packets sent with fabricated ip header
         0 output packets dropped due to no bufs
         282286 output packets discarded due to no route
         32587 output datagrams fragmented
         67643 fragments created
         0 datagrams that can't be fragmented
         0 packets with bad options
         54 packets with options handled without error
         0 strict source and record route options
         0 loose source and record route options
         0 record route options
         0 timestamp options
         0 timestamp and address options
         0 timestamp and prespecified address options
         0 option packets dropped due to rate limit
         54 router alert options
         0 multicast packets dropped (no iflist)
         0 packets dropped (src and int don't match)
         0 transit re packets dropped on mgmt i/f
         44 packets used first nexthop in ecmp unilist
         131941981 incoming ttpoip packets received
         0 incoming ttpoip packets dropped
         134519073 outgoing TTPoIP packets sent
         0 outgoing TTPoIP packets dropped
         0 raw packets dropped. no space in socket recv buffer
         0 packets consumed by virtual-node processing
icmp:
         0 drops due to rate limit
         3541 calls to icmp_error
         0 errors not generated because old message was icmp
         Output Histogram
                 308390 echo reply
                 3541 destination unreachable
                 5463 echo
         0 messages with bad code fields
         0 messages less than the minimum length
         0 messages with bad checksum
         0 messages with bad source address
         0 messages with bad length
         0 echo drops with broadcast or multicast destinaton address
         0 timestamp drops with broadcast or multicast destination address
         Input Histogram
                 248 echo reply
                 9216 destination unreachable
                 308390 echo
                 2891 time exceeded
         308390 message responses generated
igmp:
         0 messages received
         0 messages received with too few bytes
         0 messages received with bad checksum
         0 membership queries received
         0 membership queries received with invalid fields
         0 membership reports received
         0 membership reports received with invalid fields
         0 membership reports received for groups to which we belong
         0 Membership reports sent
ipsec:
         0 inbound packets violated process security policy
         0 Outbound packets violated process security policy
         0 outbound packets with no SA available
         0 outbound packets failed due to insufficient memory
         0 outbound packets with no route
         0 invalid outbound packets
         0 Outbound packets with bundles SAs
         0 mbuf coleasced during clone
         0 Cluster coalesced during clone
         0 Cluster copied during clone
         0 mbuf inserted during makespace
ah:
         0 packets shorter than header shows
         0 packets dropped protocol unsupported
         0 packets dropped no TDB
         0 packets dropped bad KCR
         0 packets dropped queue full
         0 packets dropped no transform
         0 replay counter wrap
         0 packets dropped bad authentication detected
         0 packets dropped bad authentication length
         0 possible replay packets detected
         0 packets in
         0 packets out
         0 packets dropped invalid TDB
         0 bytes in
         0 bytes out
         0 packets dropped larger than maxpacket
         0 packets blocked due to policy
         0 crypto processing failure
         0 tunnel sanity check failures
esp:
         0 packets shorter than header shows
         0 packets dropped protocol not supported
         0 packets dropped no TDB
         0 packets dropped bad KCR
         0 packets dropped queue full
         0 packets dropped no transform
         0 packets dropped bad ilen
         0 replay counter wrap
         0 packets dropped bad encryption detected
         0 packets dropped bad authentication detected
         0 possible replay packets detected
         0 packets in
         0 packets out
         0 packets dropped invalid TDB
         0 bytes in
         0 bytes out
         0 packets dropped larger than maxpacket
         0 packets blocked due to policy
         0 crypto processing failure
         0 tunnel sanity check failures
ipcomp:
         0 packets shorter than header shows
         0 packets dropped protocol not supported
         0 packets dropped no TDB
         0 packets dropped bad KCR
         0 packets dropped queue full
         0 packets dropped no transform
         0 replay counter wrap
         0 packets in
         0 packets out
         0 packets dropped invalid TDB
         0 bytes in
         0 bytes out
         0 packets dropped larger than maxpacket
         0 packets blocked due to policy
         0 crypto processing failure
         0 packets sent uncompressed threshold
         0 packets sent uncompressed useless
raw_if:
         0 RAW packets transmitted
         0 PPPOE packets transmitted
         0 ISDN packets transmitted
         0 DIALER packets transmitted
         0 PPP packets transmitted to pppd
         0 PPP packets transmitted to jppd
         0 IGMPL2 packets transmitted
         0 MLDL2 packets transmitted
         0 Fibre Channel packets transmitted
         0 FIP packets transmitted
         0 STP packets transmitted
         0 LACP packets transmitted
         0 VCCP packets transmitted
         0 Fabric OAM packets transmitted
         0 output drops due to tx error
         0 MPU packets transmitted
         0 PPPOE packets received
         0 ISDN packets received
         0 DIALER packets received
         0 PPP packets received from pppd
         0 MPU packets received
         0 PPP packets received from jppd
         0 IGMPL2 packets received
         0 MLDL2 packets received
         0 Fibre Channel packets received
         0 FIP packets received
         1391854 STP packets received
         29 LACP packets received
         0 VCCP packets received
         0 Fabric OAM packets received
         0 Fibre Channel packets dropped
         0 FIP packets dropped
         0 STP packets dropped
         0 LACP packets dropped
         0 Fabric OAM packets dropped
         0 VCCP packets dropped
         0 Input drops due to bogus protocol
         0 input drops due to no mbufs available
         0 input drops due to no space in socket
         0 input drops due to no socket
arp:
         10637011 datagrams received
         64617 ARP requests received
         45812 ARP replies received
         3209082 resolution request received
